2026-08-28T15:19:50.859-06:00  INFO 15148 --- [main] com.structurizr.server.Local             : ***********************************************************************************
2026-08-28T15:19:50.861-06:00  INFO 15148 --- [main] com.structurizr.server.Local             :   _____ _                   _              _          
2026-08-28T15:19:50.862-06:00  INFO 15148 --- [main] com.structurizr.server.Local             :  / ____| |                 | |            (_)         
2026-08-28T15:19:50.862-06:00  INFO 15148 --- [main] com.structurizr.server.Local             : | (___ | |_ _ __ _   _  ___| |_ _   _ _ __ _ _____ __ 
2026-08-28T15:19:50.863-06:00  INFO 15148 --- [main] com.structurizr.server.Local             :  \___ \| __| '__| | | |/ __| __| | | | '__| |_  / '__|
2026-08-28T15:19:50.864-06:00  INFO 15148 --- [main] com.structurizr.server.Local             :  ____) | |_| |  | |_| | (__| |_| |_| | |  | |/ /| |   
2026-08-28T15:19:50.864-06:00  INFO 15148 --- [main] com.structurizr.server.Local             : |_____/ \__|_|   \__,_|\___|\__|\__,_|_|  |_/___|_|   
2026-08-28T15:19:50.864-06:00  INFO 15148 --- [main] com.structurizr.server.Local             :                                                       
2026-08-28T15:19:50.865-06:00  INFO 15148 --- [main] com.structurizr.server.Local             : Local v2026.06.28
2026-08-28T15:19:50.865-06:00  INFO 15148 --- [main] com.structurizr.server.Local             : ***********************************************************************************
2026-08-28T15:19:50.867-06:00  INFO 15148 --- [main] com.structurizr.server.Local             :  - structurizr.authentication: none
2026-08-28T15:19:50.867-06:00  INFO 15148 --- [main] com.structurizr.server.Local             :  - structurizr.autorefreshinterval: 0
2026-08-28T15:19:50.868-06:00  INFO 15148 --- [main] com.structurizr.server.Local             :  - structurizr.autosaveinterval: 5000
2026-08-28T15:19:50.868-06:00  INFO 15148 --- [main] com.structurizr.server.Local             :  - structurizr.cache: none
2026-08-28T15:19:50.868-06:00  INFO 15148 --- [main] com.structurizr.server.Local             :  - structurizr.data: file
2026-08-28T15:19:50.868-06:00  INFO 15148 --- [main] com.structurizr.server.Local             :  - structurizr.datadirectory: C:\Users\HP\Documents\C4 Model\Structurizr\paynau
2026-08-28T15:19:50.869-06:00  INFO 15148 --- [main] com.structurizr.server.Local             :  - structurizr.debug: false
2026-08-28T15:19:50.869-06:00  INFO 15148 --- [main] com.structurizr.server.Local             :  - structurizr.editable: true
2026-08-28T15:19:50.869-06:00  INFO 15148 --- [main] com.structurizr.server.Local             :  - structurizr.logging.filename: C:\Users\HP\Documents\C4 Model\Structurizr\paynau\.structurizr\logs\structurizr.log
2026-08-28T15:19:50.869-06:00  INFO 15148 --- [main] com.structurizr.server.Local             :  - structurizr.network.timeout: 60000
2026-08-28T15:19:50.870-06:00  INFO 15148 --- [main] com.structurizr.server.Local             :  - structurizr.network.urls.allowed: .*
2026-08-28T15:19:50.870-06:00  INFO 15148 --- [main] com.structurizr.server.Local             :  - structurizr.search: lucene
2026-08-28T15:19:50.870-06:00  INFO 15148 --- [main] com.structurizr.server.Local             :  - structurizr.themes: C:\Users\HP\Documents\C4 Model\Structurizr\paynau\themes\
2026-08-28T15:19:50.871-06:00  INFO 15148 --- [main] com.structurizr.server.Local             :  - structurizr.workspace.maxsize: 1MB
2026-08-28T15:19:50.871-06:00  INFO 15148 --- [main] com.structurizr.server.Local             :  - structurizr.workspace.threads: 10
2026-08-28T15:19:50.872-06:00  INFO 15148 --- [main] com.structurizr.server.Local             :  - structurizr.workspaces: 1
2026-08-28T15:19:50.872-06:00  INFO 15148 --- [main] com.structurizr.server.Local             : ***********************************************************************************
2026-08-28T15:19:50.872-06:00  INFO 15148 --- [main] com.structurizr.server.Local             : Themes:
2026-08-28T15:19:50.873-06:00  INFO 15148 --- [main] com.structurizr.server.Local             : ***********************************************************************************
2026-08-28T15:22:17.454-06:00  INFO 14064 --- [main] com.structurizr.server.Local             : ***********************************************************************************
2026-08-28T15:22:17.457-06:00  INFO 14064 --- [main] com.structurizr.server.Local             :   _____ _                   _              _          
2026-08-28T15:22:17.459-06:00  INFO 14064 --- [main] com.structurizr.server.Local             :  / ____| |                 | |            (_)         
2026-08-28T15:22:17.459-06:00  INFO 14064 --- [main] com.structurizr.server.Local             : | (___ | |_ _ __ _   _  ___| |_ _   _ _ __ _ _____ __ 
2026-08-28T15:22:17.459-06:00  INFO 14064 --- [main] com.structurizr.server.Local             :  \___ \| __| '__| | | |/ __| __| | | | '__| |_  / '__|
2026-08-28T15:22:17.459-06:00  INFO 14064 --- [main] com.structurizr.server.Local             :  ____) | |_| |  | |_| | (__| |_| |_| | |  | |/ /| |   
2026-08-28T15:22:17.459-06:00  INFO 14064 --- [main] com.structurizr.server.Local             : |_____/ \__|_|   \__,_|\___|\__|\__,_|_|  |_/___|_|   
2026-08-28T15:22:17.459-06:00  INFO 14064 --- [main] com.structurizr.server.Local             :                                                       
2026-08-28T15:22:17.461-06:00  INFO 14064 --- [main] com.structurizr.server.Local             : Local v2026.06.28
2026-08-28T15:22:17.461-06:00  INFO 14064 --- [main] com.structurizr.server.Local             : ***********************************************************************************
2026-08-28T15:22:17.463-06:00  INFO 14064 --- [main] com.structurizr.server.Local             :  - structurizr.authentication: none
2026-08-28T15:22:17.465-06:00  INFO 14064 --- [main] com.structurizr.server.Local             :  - structurizr.autorefreshinterval: 0
2026-08-28T15:22:17.466-06:00  INFO 14064 --- [main] com.structurizr.server.Local             :  - structurizr.autosaveinterval: 5000
2026-08-28T15:22:17.467-06:00  INFO 14064 --- [main] com.structurizr.server.Local             :  - structurizr.cache: none
2026-08-28T15:22:17.468-06:00  INFO 14064 --- [main] com.structurizr.server.Local             :  - structurizr.data: file
2026-08-28T15:22:17.468-06:00  INFO 14064 --- [main] com.structurizr.server.Local             :  - structurizr.datadirectory: C:\Users\HP\Documents\C4 Model\Structurizr\paynau
2026-08-28T15:22:17.469-06:00  INFO 14064 --- [main] com.structurizr.server.Local             :  - structurizr.debug: false
2026-08-28T15:22:17.470-06:00  INFO 14064 --- [main] com.structurizr.server.Local             :  - structurizr.editable: true
2026-08-28T15:22:17.470-06:00  INFO 14064 --- [main] com.structurizr.server.Local             :  - structurizr.logging.filename: C:\Users\HP\Documents\C4 Model\Structurizr\paynau\.structurizr\logs\structurizr.log
2026-08-28T15:22:17.470-06:00  INFO 14064 --- [main] com.structurizr.server.Local             :  - structurizr.network.timeout: 60000
2026-08-28T15:22:17.471-06:00  INFO 14064 --- [main] com.structurizr.server.Local             :  - structurizr.network.urls.allowed: .*
2026-08-28T15:22:17.471-06:00  INFO 14064 --- [main] com.structurizr.server.Local             :  - structurizr.search: lucene
2026-08-28T15:22:17.472-06:00  INFO 14064 --- [main] com.structurizr.server.Local             :  - structurizr.themes: C:\Users\HP\Documents\C4 Model\Structurizr\paynau\themes\
2026-08-28T15:22:17.474-06:00  INFO 14064 --- [main] com.structurizr.server.Local             :  - structurizr.workspace.maxsize: 1MB
2026-08-28T15:22:17.474-06:00  INFO 14064 --- [main] com.structurizr.server.Local             :  - structurizr.workspace.threads: 10
2026-08-28T15:22:17.475-06:00  INFO 14064 --- [main] com.structurizr.server.Local             :  - structurizr.workspaces: 1
2026-08-28T15:22:17.475-06:00  INFO 14064 --- [main] com.structurizr.server.Local             : ***********************************************************************************
2026-08-28T15:22:17.476-06:00  INFO 14064 --- [main] com.structurizr.server.Local             : Themes:
2026-08-28T15:22:17.476-06:00  INFO 14064 --- [main] com.structurizr.server.Local             : ***********************************************************************************
2026-08-28T15:24:29.971-06:00  INFO 14064 --- [SpringApplicationShutdownHook] com.structurizr.server.AbstractServer    : ********************************************************
2026-08-28T15:24:29.972-06:00  INFO 14064 --- [SpringApplicationShutdownHook] com.structurizr.server.AbstractServer    :  Stopping Structurizr
2026-08-28T15:24:29.972-06:00  INFO 14064 --- [SpringApplicationShutdownHook] com.structurizr.server.AbstractServer    : ********************************************************
2026-08-28T16:34:10.700-06:00  INFO 1924 --- [main] com.structurizr.server.Local             : ***********************************************************************************
2026-08-28T16:34:10.702-06:00  INFO 1924 --- [main] com.structurizr.server.Local             :   _____ _                   _              _          
2026-08-28T16:34:10.702-06:00  INFO 1924 --- [main] com.structurizr.server.Local             :  / ____| |                 | |            (_)         
2026-08-28T16:34:10.702-06:00  INFO 1924 --- [main] com.structurizr.server.Local             : | (___ | |_ _ __ _   _  ___| |_ _   _ _ __ _ _____ __ 
2026-08-28T16:34:10.703-06:00  INFO 1924 --- [main] com.structurizr.server.Local             :  \___ \| __| '__| | | |/ __| __| | | | '__| |_  / '__|
2026-08-28T16:34:10.703-06:00  INFO 1924 --- [main] com.structurizr.server.Local             :  ____) | |_| |  | |_| | (__| |_| |_| | |  | |/ /| |   
2026-08-28T16:34:10.703-06:00  INFO 1924 --- [main] com.structurizr.server.Local             : |_____/ \__|_|   \__,_|\___|\__|\__,_|_|  |_/___|_|   
2026-08-28T16:34:10.703-06:00  INFO 1924 --- [main] com.structurizr.server.Local             :                                                       
2026-08-28T16:34:10.704-06:00  INFO 1924 --- [main] com.structurizr.server.Local             : Local v2026.06.28
2026-08-28T16:34:10.705-06:00  INFO 1924 --- [main] com.structurizr.server.Local             : ***********************************************************************************
2026-08-28T16:34:10.706-06:00  INFO 1924 --- [main] com.structurizr.server.Local             :  - structurizr.authentication: none
2026-08-28T16:34:10.706-06:00  INFO 1924 --- [main] com.structurizr.server.Local             :  - structurizr.autorefreshinterval: 0
2026-08-28T16:34:10.707-06:00  INFO 1924 --- [main] com.structurizr.server.Local             :  - structurizr.autosaveinterval: 5000
2026-08-28T16:34:10.707-06:00  INFO 1924 --- [main] com.structurizr.server.Local             :  - structurizr.cache: none
2026-08-28T16:34:10.707-06:00  INFO 1924 --- [main] com.structurizr.server.Local             :  - structurizr.data: file
2026-08-28T16:34:10.707-06:00  INFO 1924 --- [main] com.structurizr.server.Local             :  - structurizr.datadirectory: C:\Users\HP\Documents\C4 Model\Structurizr\workspace\paynau
2026-08-28T16:34:10.708-06:00  INFO 1924 --- [main] com.structurizr.server.Local             :  - structurizr.debug: false
2026-08-28T16:34:10.708-06:00  INFO 1924 --- [main] com.structurizr.server.Local             :  - structurizr.editable: true
2026-08-28T16:34:10.708-06:00  INFO 1924 --- [main] com.structurizr.server.Local             :  - structurizr.logging.filename: C:\Users\HP\Documents\C4 Model\Structurizr\workspace\paynau\.structurizr\logs\structurizr.log
2026-08-28T16:34:10.709-06:00  INFO 1924 --- [main] com.structurizr.server.Local             :  - structurizr.network.timeout: 60000
2026-08-28T16:34:10.709-06:00  INFO 1924 --- [main] com.structurizr.server.Local             :  - structurizr.network.urls.allowed: .*
2026-08-28T16:34:10.709-06:00  INFO 1924 --- [main] com.structurizr.server.Local             :  - structurizr.search: lucene
2026-08-28T16:34:10.709-06:00  INFO 1924 --- [main] com.structurizr.server.Local             :  - structurizr.themes: C:\Users\HP\Documents\C4 Model\Structurizr\workspace\paynau\themes\
2026-08-28T16:34:10.709-06:00  INFO 1924 --- [main] com.structurizr.server.Local             :  - structurizr.workspace.maxsize: 1MB
2026-08-28T16:34:10.710-06:00  INFO 1924 --- [main] com.structurizr.server.Local             :  - structurizr.workspace.threads: 10
2026-08-28T16:34:10.710-06:00  INFO 1924 --- [main] com.structurizr.server.Local             :  - structurizr.workspaces: 1
2026-08-28T16:34:10.710-06:00  INFO 1924 --- [main] com.structurizr.server.Local             : ***********************************************************************************
2026-08-28T16:34:10.710-06:00  INFO 1924 --- [main] com.structurizr.server.Local             : Themes:
2026-08-28T16:34:10.711-06:00  INFO 1924 --- [main] com.structurizr.server.Local             : ***********************************************************************************
2026-08-28T16:34:22.120-06:00  WARN 1924 --- [main] ConfigServletWebServerApplicationContext : Exception encountered during context initialization - cancelling refresh attempt: org.springframework.context.ApplicationContextException: Failed to start bean 'webServerStartStop'
2026-08-28T16:34:22.137-06:00  INFO 1924 --- [main] com.structurizr.server.AbstractServer    : ********************************************************
2026-08-28T16:34:22.138-06:00  INFO 1924 --- [main] com.structurizr.server.AbstractServer    :  Stopping Structurizr
2026-08-28T16:34:22.138-06:00  INFO 1924 --- [main] com.structurizr.server.AbstractServer    : ********************************************************
2026-08-28T16:34:22.288-06:00 ERROR 1924 --- [main] o.s.b.d.LoggingFailureAnalysisReporter   : 

***************************
APPLICATION FAILED TO START
***************************

Description:

Web server failed to start. Port 8080 was already in use.

Action:

Identify and stop the process that's listening on port 8080 or configure this application to listen on another port.

2026-08-28T16:35:57.154-06:00  INFO 5488 --- [main] com.structurizr.server.Local             : ***********************************************************************************
2026-08-28T16:35:57.157-06:00  INFO 5488 --- [main] com.structurizr.server.Local             :   _____ _                   _              _          
2026-08-28T16:35:57.158-06:00  INFO 5488 --- [main] com.structurizr.server.Local             :  / ____| |                 | |            (_)         
2026-08-28T16:35:57.158-06:00  INFO 5488 --- [main] com.structurizr.server.Local             : | (___ | |_ _ __ _   _  ___| |_ _   _ _ __ _ _____ __ 
2026-08-28T16:35:57.159-06:00  INFO 5488 --- [main] com.structurizr.server.Local             :  \___ \| __| '__| | | |/ __| __| | | | '__| |_  / '__|
2026-08-28T16:35:57.159-06:00  INFO 5488 --- [main] com.structurizr.server.Local             :  ____) | |_| |  | |_| | (__| |_| |_| | |  | |/ /| |   
2026-08-28T16:35:57.159-06:00  INFO 5488 --- [main] com.structurizr.server.Local             : |_____/ \__|_|   \__,_|\___|\__|\__,_|_|  |_/___|_|   
2026-08-28T16:35:57.159-06:00  INFO 5488 --- [main] com.structurizr.server.Local             :                                                       
2026-08-28T16:35:57.160-06:00  INFO 5488 --- [main] com.structurizr.server.Local             : Local v2026.06.28
2026-08-28T16:35:57.160-06:00  INFO 5488 --- [main] com.structurizr.server.Local             : ***********************************************************************************
2026-08-28T16:35:57.161-06:00  INFO 5488 --- [main] com.structurizr.server.Local             :  - structurizr.authentication: none
2026-08-28T16:35:57.162-06:00  INFO 5488 --- [main] com.structurizr.server.Local             :  - structurizr.autorefreshinterval: 0
2026-08-28T16:35:57.162-06:00  INFO 5488 --- [main] com.structurizr.server.Local             :  - structurizr.autosaveinterval: 5000
2026-08-28T16:35:57.162-06:00  INFO 5488 --- [main] com.structurizr.server.Local             :  - structurizr.cache: none
2026-08-28T16:35:57.163-06:00  INFO 5488 --- [main] com.structurizr.server.Local             :  - structurizr.data: file
2026-08-28T16:35:57.163-06:00  INFO 5488 --- [main] com.structurizr.server.Local             :  - structurizr.datadirectory: C:\Users\HP\Documents\C4 Model\Structurizr\workspace\paynau
2026-08-28T16:35:57.163-06:00  INFO 5488 --- [main] com.structurizr.server.Local             :  - structurizr.debug: false
2026-08-28T16:35:57.163-06:00  INFO 5488 --- [main] com.structurizr.server.Local             :  - structurizr.editable: true
2026-08-28T16:35:57.163-06:00  INFO 5488 --- [main] com.structurizr.server.Local             :  - structurizr.logging.filename: C:\Users\HP\Documents\C4 Model\Structurizr\workspace\paynau\.structurizr\logs\structurizr.log
2026-08-28T16:35:57.165-06:00  INFO 5488 --- [main] com.structurizr.server.Local             :  - structurizr.network.timeout: 60000
2026-08-28T16:35:57.165-06:00  INFO 5488 --- [main] com.structurizr.server.Local             :  - structurizr.network.urls.allowed: .*
2026-08-28T16:35:57.165-06:00  INFO 5488 --- [main] com.structurizr.server.Local             :  - structurizr.search: lucene
2026-08-28T16:35:57.166-06:00  INFO 5488 --- [main] com.structurizr.server.Local             :  - structurizr.themes: C:\Users\HP\Documents\C4 Model\Structurizr\workspace\paynau\themes\
2026-08-28T16:35:57.166-06:00  INFO 5488 --- [main] com.structurizr.server.Local             :  - structurizr.workspace.maxsize: 1MB
2026-08-28T16:35:57.166-06:00  INFO 5488 --- [main] com.structurizr.server.Local             :  - structurizr.workspace.threads: 10
2026-08-28T16:35:57.166-06:00  INFO 5488 --- [main] com.structurizr.server.Local             :  - structurizr.workspaces: 1
2026-08-28T16:35:57.166-06:00  INFO 5488 --- [main] com.structurizr.server.Local             : ***********************************************************************************
2026-08-28T16:35:57.167-06:00  INFO 5488 --- [main] com.structurizr.server.Local             : Themes:
2026-08-28T16:35:57.167-06:00  INFO 5488 --- [main] com.structurizr.server.Local             : ***********************************************************************************
2026-08-28T16:36:15.223-06:00 ERROR 5488 --- [http-nio-8080-exec-4] c.s.s.w.a.AbstractWorkspaceApiController : com.structurizr.server.component.workspace.WorkspaceComponentException: com.structurizr.dsl.StructurizrDslParserException: C:\Users\HP\Documents\C4 Model\Structurizr\shared\internal\containers\database.dsl could not be found at line 26 of C:\Users\HP\Documents\C4 Model\Structurizr\workspace\paynau\workspace.dsl: !include ../../shared/internal/containers/database.dsl
2026-08-28T16:36:34.289-06:00 ERROR 5488 --- [http-nio-8080-exec-10] c.s.s.w.a.AbstractWorkspaceApiController : com.structurizr.server.component.workspace.WorkspaceComponentException: com.structurizr.dsl.StructurizrDslParserException: C:\Users\HP\Documents\C4 Model\Structurizr\shared\internal\containers\database.dsl could not be found at line 26 of C:\Users\HP\Documents\C4 Model\Structurizr\workspace\paynau\workspace.dsl: !include ../../shared/internal/containers/database.dsl
2026-08-28T16:36:34.521-06:00 ERROR 5488 --- [http-nio-8080-exec-3] c.s.s.w.a.AbstractWorkspaceApiController : com.structurizr.server.component.workspace.WorkspaceComponentException: com.structurizr.dsl.StructurizrDslParserException: C:\Users\HP\Documents\C4 Model\Structurizr\shared\internal\containers\database.dsl could not be found at line 26 of C:\Users\HP\Documents\C4 Model\Structurizr\workspace\paynau\workspace.dsl: !include ../../shared/internal/containers/database.dsl
2026-08-28T16:36:34.701-06:00 ERROR 5488 --- [http-nio-8080-exec-2] c.s.s.w.a.AbstractWorkspaceApiController : com.structurizr.server.component.workspace.WorkspaceComponentException: com.structurizr.dsl.StructurizrDslParserException: C:\Users\HP\Documents\C4 Model\Structurizr\shared\internal\containers\database.dsl could not be found at line 26 of C:\Users\HP\Documents\C4 Model\Structurizr\workspace\paynau\workspace.dsl: !include ../../shared/internal/containers/database.dsl
2026-08-28T16:36:34.869-06:00 ERROR 5488 --- [http-nio-8080-exec-3] c.s.s.w.a.AbstractWorkspaceApiController : com.structurizr.server.component.workspace.WorkspaceComponentException: com.structurizr.dsl.StructurizrDslParserException: C:\Users\HP\Documents\C4 Model\Structurizr\shared\internal\containers\database.dsl could not be found at line 26 of C:\Users\HP\Documents\C4 Model\Structurizr\workspace\paynau\workspace.dsl: !include ../../shared/internal/containers/database.dsl
2026-08-28T16:36:35.040-06:00 ERROR 5488 --- [http-nio-8080-exec-7] c.s.s.w.a.AbstractWorkspaceApiController : com.structurizr.server.component.workspace.WorkspaceComponentException: com.structurizr.dsl.StructurizrDslParserException: C:\Users\HP\Documents\C4 Model\Structurizr\shared\internal\containers\database.dsl could not be found at line 26 of C:\Users\HP\Documents\C4 Model\Structurizr\workspace\paynau\workspace.dsl: !include ../../shared/internal/containers/database.dsl
2026-08-28T16:36:35.213-06:00 ERROR 5488 --- [http-nio-8080-exec-7] c.s.s.w.a.AbstractWorkspaceApiController : com.structurizr.server.component.workspace.WorkspaceComponentException: com.structurizr.dsl.StructurizrDslParserException: C:\Users\HP\Documents\C4 Model\Structurizr\shared\internal\containers\database.dsl could not be found at line 26 of C:\Users\HP\Documents\C4 Model\Structurizr\workspace\paynau\workspace.dsl: !include ../../shared/internal/containers/database.dsl
2026-08-28T16:36:51.011-06:00 ERROR 5488 --- [http-nio-8080-exec-9] c.s.s.w.a.AbstractWorkspaceApiController : com.structurizr.server.component.workspace.WorkspaceComponentException: com.structurizr.dsl.StructurizrDslParserException: C:\Users\HP\Documents\C4 Model\Structurizr\shared\internal\database\database.dsl could not be found at line 26 of C:\Users\HP\Documents\C4 Model\Structurizr\workspace\paynau\workspace.dsl: !include ../../shared/internal/database/database.dsl
2026-08-28T16:36:51.571-06:00 ERROR 5488 --- [http-nio-8080-exec-7] c.s.s.w.a.AbstractWorkspaceApiController : com.structurizr.server.component.workspace.WorkspaceComponentException: com.structurizr.dsl.StructurizrDslParserException: C:\Users\HP\Documents\C4 Model\Structurizr\shared\internal\database\database.dsl could not be found at line 26 of C:\Users\HP\Documents\C4 Model\Structurizr\workspace\paynau\workspace.dsl: !include ../../shared/internal/database/database.dsl
2026-08-28T16:36:51.721-06:00 ERROR 5488 --- [http-nio-8080-exec-4] c.s.s.w.a.AbstractWorkspaceApiController : com.structurizr.server.component.workspace.WorkspaceComponentException: com.structurizr.dsl.StructurizrDslParserException: C:\Users\HP\Documents\C4 Model\Structurizr\shared\internal\database\database.dsl could not be found at line 26 of C:\Users\HP\Documents\C4 Model\Structurizr\workspace\paynau\workspace.dsl: !include ../../shared/internal/database/database.dsl
2026-08-28T16:36:51.860-06:00 ERROR 5488 --- [http-nio-8080-exec-10] c.s.s.w.a.AbstractWorkspaceApiController : com.structurizr.server.component.workspace.WorkspaceComponentException: com.structurizr.dsl.StructurizrDslParserException: C:\Users\HP\Documents\C4 Model\Structurizr\shared\internal\database\database.dsl could not be found at line 26 of C:\Users\HP\Documents\C4 Model\Structurizr\workspace\paynau\workspace.dsl: !include ../../shared/internal/database/database.dsl
2026-08-28T16:36:52.023-06:00 ERROR 5488 --- [http-nio-8080-exec-4] c.s.s.w.a.AbstractWorkspaceApiController : com.structurizr.server.component.workspace.WorkspaceComponentException: com.structurizr.dsl.StructurizrDslParserException: C:\Users\HP\Documents\C4 Model\Structurizr\shared\internal\database\database.dsl could not be found at line 26 of C:\Users\HP\Documents\C4 Model\Structurizr\workspace\paynau\workspace.dsl: !include ../../shared/internal/database/database.dsl
2026-08-28T16:36:52.167-06:00 ERROR 5488 --- [http-nio-8080-exec-2] c.s.s.w.a.AbstractWorkspaceApiController : com.structurizr.server.component.workspace.WorkspaceComponentException: com.structurizr.dsl.StructurizrDslParserException: C:\Users\HP\Documents\C4 Model\Structurizr\shared\internal\database\database.dsl could not be found at line 26 of C:\Users\HP\Documents\C4 Model\Structurizr\workspace\paynau\workspace.dsl: !include ../../shared/internal/database/database.dsl
2026-08-28T16:36:55.174-06:00  INFO 5488 --- [SpringApplicationShutdownHook] com.structurizr.server.AbstractServer    : ********************************************************
2026-08-28T16:36:55.174-06:00  INFO 5488 --- [SpringApplicationShutdownHook] com.structurizr.server.AbstractServer    :  Stopping Structurizr
2026-08-28T16:36:55.174-06:00  INFO 5488 --- [SpringApplicationShutdownHook] com.structurizr.server.AbstractServer    : ********************************************************
2026-08-28T16:37:02.403-06:00  INFO 21972 --- [main] com.structurizr.server.Local             : ***********************************************************************************
2026-08-28T16:37:02.405-06:00  INFO 21972 --- [main] com.structurizr.server.Local             :   _____ _                   _              _          
2026-08-28T16:37:02.405-06:00  INFO 21972 --- [main] com.structurizr.server.Local             :  / ____| |                 | |            (_)         
2026-08-28T16:37:02.405-06:00  INFO 21972 --- [main] com.structurizr.server.Local             : | (___ | |_ _ __ _   _  ___| |_ _   _ _ __ _ _____ __ 
2026-08-28T16:37:02.405-06:00  INFO 21972 --- [main] com.structurizr.server.Local             :  \___ \| __| '__| | | |/ __| __| | | | '__| |_  / '__|
2026-08-28T16:37:02.405-06:00  INFO 21972 --- [main] com.structurizr.server.Local             :  ____) | |_| |  | |_| | (__| |_| |_| | |  | |/ /| |   
2026-08-28T16:37:02.406-06:00  INFO 21972 --- [main] com.structurizr.server.Local             : |_____/ \__|_|   \__,_|\___|\__|\__,_|_|  |_/___|_|   
2026-08-28T16:37:02.406-06:00  INFO 21972 --- [main] com.structurizr.server.Local             :                                                       
2026-08-28T16:37:02.407-06:00  INFO 21972 --- [main] com.structurizr.server.Local             : Local v2026.06.28
2026-08-28T16:37:02.407-06:00  INFO 21972 --- [main] com.structurizr.server.Local             : ***********************************************************************************
2026-08-28T16:37:02.408-06:00  INFO 21972 --- [main] com.structurizr.server.Local             :  - structurizr.authentication: none
2026-08-28T16:37:02.408-06:00  INFO 21972 --- [main] com.structurizr.server.Local             :  - structurizr.autorefreshinterval: 0
2026-08-28T16:37:02.408-06:00  INFO 21972 --- [main] com.structurizr.server.Local             :  - structurizr.autosaveinterval: 5000
2026-08-28T16:37:02.408-06:00  INFO 21972 --- [main] com.structurizr.server.Local             :  - structurizr.cache: none
2026-08-28T16:37:02.409-06:00  INFO 21972 --- [main] com.structurizr.server.Local             :  - structurizr.data: file
2026-08-28T16:37:02.409-06:00  INFO 21972 --- [main] com.structurizr.server.Local             :  - structurizr.datadirectory: C:\Users\HP\Documents\C4 Model\Structurizr\workspace\paynau
2026-08-28T16:37:02.409-06:00  INFO 21972 --- [main] com.structurizr.server.Local             :  - structurizr.debug: false
2026-08-28T16:37:02.409-06:00  INFO 21972 --- [main] com.structurizr.server.Local             :  - structurizr.editable: true
2026-08-28T16:37:02.409-06:00  INFO 21972 --- [main] com.structurizr.server.Local             :  - structurizr.logging.filename: C:\Users\HP\Documents\C4 Model\Structurizr\workspace\paynau\.structurizr\logs\structurizr.log
2026-08-28T16:37:02.409-06:00  INFO 21972 --- [main] com.structurizr.server.Local             :  - structurizr.network.timeout: 60000
2026-08-28T16:37:02.410-06:00  INFO 21972 --- [main] com.structurizr.server.Local             :  - structurizr.network.urls.allowed: .*
2026-08-28T16:37:02.410-06:00  INFO 21972 --- [main] com.structurizr.server.Local             :  - structurizr.search: lucene
2026-08-28T16:37:02.410-06:00  INFO 21972 --- [main] com.structurizr.server.Local             :  - structurizr.themes: C:\Users\HP\Documents\C4 Model\Structurizr\workspace\paynau\themes\
2026-08-28T16:37:02.411-06:00  INFO 21972 --- [main] com.structurizr.server.Local             :  - structurizr.workspace.maxsize: 1MB
2026-08-28T16:37:02.411-06:00  INFO 21972 --- [main] com.structurizr.server.Local             :  - structurizr.workspace.threads: 10
2026-08-28T16:37:02.411-06:00  INFO 21972 --- [main] com.structurizr.server.Local             :  - structurizr.workspaces: 1
2026-08-28T16:37:02.411-06:00  INFO 21972 --- [main] com.structurizr.server.Local             : ***********************************************************************************
2026-08-28T16:37:02.412-06:00  INFO 21972 --- [main] com.structurizr.server.Local             : Themes:
2026-08-28T16:37:02.412-06:00  INFO 21972 --- [main] com.structurizr.server.Local             : ***********************************************************************************
2026-08-28T16:45:27.945-06:00 ERROR 21972 --- [http-nio-8080-exec-9] c.s.s.w.w.a.DiagramViewerController      : com.structurizr.dsl.StructurizrDslParserException: C:\Users\HP\Documents\C4 Model\Structurizr\styles\styles.dsl could not be found at line 36 of C:\Users\HP\Documents\C4 Model\Structurizr\workspace\paynau\workspace.dsl: !include ../../styles/styles.dsl
2026-08-28T16:45:32.131-06:00 ERROR 21972 --- [http-nio-8080-exec-7] c.s.s.w.a.AbstractWorkspaceApiController : com.structurizr.server.component.workspace.WorkspaceComponentException: com.structurizr.dsl.StructurizrDslParserException: C:\Users\HP\Documents\C4 Model\Structurizr\styles\styles.dsl could not be found at line 36 of C:\Users\HP\Documents\C4 Model\Structurizr\workspace\paynau\workspace.dsl: !include ../../styles/styles.dsl
2026-08-28T16:46:35.612-06:00 ERROR 21972 --- [http-nio-8080-exec-6] c.s.s.w.a.AbstractWorkspaceApiController : com.structurizr.server.component.workspace.WorkspaceComponentException: com.structurizr.dsl.StructurizrDslParserException: C:\Users\HP\Documents\C4 Model\Structurizr\styles\styles.dsl could not be found at line 36 of C:\Users\HP\Documents\C4 Model\Structurizr\workspace\paynau\workspace.dsl: !include ../../styles/styles.dsl
2026-08-28T17:02:48.985-06:00 ERROR 21972 --- [http-nio-8080-exec-8] c.s.s.w.a.AbstractWorkspaceApiController : com.structurizr.server.component.workspace.WorkspaceComponentException: com.structurizr.dsl.StructurizrDslParserException: C:\Users\HP\Documents\C4 Model\Structurizr\syles\styles.dsl could not be found at line 26 of C:\Users\HP\Documents\C4 Model\Structurizr\workspace\paynau\workspace.dsl: !include ../../syles/styles.dsl
2026-08-28T17:04:50.421-06:00 ERROR 21972 --- [http-nio-8080-exec-4] c.s.s.w.w.a.DiagramViewerController      : com.structurizr.dsl.StructurizrDslParserException: C:\Users\HP\Documents\C4 Model\Structurizr\shared\applications\containers\web-app.dsl could not be found at line 15 of C:\Users\HP\Documents\C4 Model\Structurizr\workspace\paynau\workspace.dsl: !include ../../shared/applications/containers/web-app.dsl
2026-08-28T17:04:51.069-06:00 ERROR 21972 --- [http-nio-8080-exec-8] c.s.s.w.w.a.DiagramViewerController      : com.structurizr.dsl.StructurizrDslParserException: C:\Users\HP\Documents\C4 Model\Structurizr\shared\applications\containers\web-app.dsl could not be found at line 15 of C:\Users\HP\Documents\C4 Model\Structurizr\workspace\paynau\workspace.dsl: !include ../../shared/applications/containers/web-app.dsl
2026-08-28T17:04:51.219-06:00 ERROR 21972 --- [http-nio-8080-exec-9] c.s.s.w.w.a.DiagramViewerController      : com.structurizr.dsl.StructurizrDslParserException: C:\Users\HP\Documents\C4 Model\Structurizr\shared\applications\containers\web-app.dsl could not be found at line 15 of C:\Users\HP\Documents\C4 Model\Structurizr\workspace\paynau\workspace.dsl: !include ../../shared/applications/containers/web-app.dsl
2026-08-28T17:04:51.375-06:00 ERROR 21972 --- [http-nio-8080-exec-3] c.s.s.w.w.a.DiagramViewerController      : com.structurizr.dsl.StructurizrDslParserException: C:\Users\HP\Documents\C4 Model\Structurizr\shared\applications\containers\web-app.dsl could not be found at line 15 of C:\Users\HP\Documents\C4 Model\Structurizr\workspace\paynau\workspace.dsl: !include ../../shared/applications/containers/web-app.dsl
2026-08-28T17:04:59.920-06:00 ERROR 21972 --- [http-nio-8080-exec-10] c.s.s.w.w.a.DiagramViewerController      : com.structurizr.dsl.StructurizrDslParserException: C:\Users\HP\Documents\C4 Model\Structurizr\shared\applications\containers\web-app.dsl could not be found at line 15 of C:\Users\HP\Documents\C4 Model\Structurizr\workspace\paynau\workspace.dsl: !include ../../shared/applications/containers/web-app.dsl
2026-08-28T17:05:24.268-06:00 ERROR 21972 --- [http-nio-8080-exec-2] c.s.s.w.w.a.DiagramViewerController      : com.structurizr.dsl.StructurizrDslParserException: C:\Users\HP\Documents\C4 Model\Structurizr\shared\applications\containers\web-app.dsl could not be found at line 15 of C:\Users\HP\Documents\C4 Model\Structurizr\workspace\paynau\workspace.dsl: !include ../../shared/applications/containers/web-app.dsl
2026-08-28T17:05:24.714-06:00 ERROR 21972 --- [http-nio-8080-exec-1] c.s.s.w.w.a.DiagramViewerController      : com.structurizr.dsl.StructurizrDslParserException: C:\Users\HP\Documents\C4 Model\Structurizr\shared\applications\containers\web-app.dsl could not be found at line 15 of C:\Users\HP\Documents\C4 Model\Structurizr\workspace\paynau\workspace.dsl: !include ../../shared/applications/containers/web-app.dsl
2026-08-28T17:05:24.845-06:00 ERROR 21972 --- [http-nio-8080-exec-9] c.s.s.w.w.a.DiagramViewerController      : com.structurizr.dsl.StructurizrDslParserException: C:\Users\HP\Documents\C4 Model\Structurizr\shared\applications\containers\web-app.dsl could not be found at line 15 of C:\Users\HP\Documents\C4 Model\Structurizr\workspace\paynau\workspace.dsl: !include ../../shared/applications/containers/web-app.dsl
2026-08-28T17:05:24.993-06:00 ERROR 21972 --- [http-nio-8080-exec-7] c.s.s.w.w.a.DiagramViewerController      : com.structurizr.dsl.StructurizrDslParserException: C:\Users\HP\Documents\C4 Model\Structurizr\shared\applications\containers\web-app.dsl could not be found at line 15 of C:\Users\HP\Documents\C4 Model\Structurizr\workspace\paynau\workspace.dsl: !include ../../shared/applications/containers/web-app.dsl
2026-08-28T17:05:25.142-06:00 ERROR 21972 --- [http-nio-8080-exec-8] c.s.s.w.w.a.DiagramViewerController      : com.structurizr.dsl.StructurizrDslParserException: C:\Users\HP\Documents\C4 Model\Structurizr\shared\applications\containers\web-app.dsl could not be found at line 15 of C:\Users\HP\Documents\C4 Model\Structurizr\workspace\paynau\workspace.dsl: !include ../../shared/applications/containers/web-app.dsl
2026-08-28T17:05:25.259-06:00 ERROR 21972 --- [http-nio-8080-exec-9] c.s.s.w.w.a.DiagramViewerController      : com.structurizr.dsl.StructurizrDslParserException: C:\Users\HP\Documents\C4 Model\Structurizr\shared\applications\containers\web-app.dsl could not be found at line 15 of C:\Users\HP\Documents\C4 Model\Structurizr\workspace\paynau\workspace.dsl: !include ../../shared/applications/containers/web-app.dsl
2026-08-28T17:05:25.371-06:00 ERROR 21972 --- [http-nio-8080-exec-1] c.s.s.w.w.a.DiagramViewerController      : com.structurizr.dsl.StructurizrDslParserException: C:\Users\HP\Documents\C4 Model\Structurizr\shared\applications\containers\web-app.dsl could not be found at line 15 of C:\Users\HP\Documents\C4 Model\Structurizr\workspace\paynau\workspace.dsl: !include ../../shared/applications/containers/web-app.dsl
2026-08-28T17:05:25.750-06:00 ERROR 21972 --- [http-nio-8080-exec-2] c.s.s.w.w.a.DiagramViewerController      : com.structurizr.dsl.StructurizrDslParserException: C:\Users\HP\Documents\C4 Model\Structurizr\shared\applications\containers\web-app.dsl could not be found at line 15 of C:\Users\HP\Documents\C4 Model\Structurizr\workspace\paynau\workspace.dsl: !include ../../shared/applications/containers/web-app.dsl
2026-08-28T17:05:25.894-06:00 ERROR 21972 --- [http-nio-8080-exec-10] c.s.s.w.w.a.DiagramViewerController      : com.structurizr.dsl.StructurizrDslParserException: C:\Users\HP\Documents\C4 Model\Structurizr\shared\applications\containers\web-app.dsl could not be found at line 15 of C:\Users\HP\Documents\C4 Model\Structurizr\workspace\paynau\workspace.dsl: !include ../../shared/applications/containers/web-app.dsl
2026-08-28T17:05:38.333-06:00 ERROR 21972 --- [http-nio-8080-exec-4] c.s.s.w.w.a.DiagramViewerController      : com.structurizr.dsl.StructurizrDslParserException: C:\Users\HP\Documents\C4 Model\Structurizr\shared\applications\containers\web-app.dsl could not be found at line 15 of C:\Users\HP\Documents\C4 Model\Structurizr\workspace\paynau\workspace.dsl: !include ../../shared/applications/containers/web-app.dsl
2026-08-28T17:05:38.734-06:00 ERROR 21972 --- [http-nio-8080-exec-2] c.s.s.w.w.a.DiagramViewerController      : com.structurizr.dsl.StructurizrDslParserException: C:\Users\HP\Documents\C4 Model\Structurizr\shared\applications\containers\web-app.dsl could not be found at line 15 of C:\Users\HP\Documents\C4 Model\Structurizr\workspace\paynau\workspace.dsl: !include ../../shared/applications/containers/web-app.dsl
2026-08-28T17:05:38.887-06:00 ERROR 21972 --- [http-nio-8080-exec-8] c.s.s.w.w.a.DiagramViewerController      : com.structurizr.dsl.StructurizrDslParserException: C:\Users\HP\Documents\C4 Model\Structurizr\shared\applications\containers\web-app.dsl could not be found at line 15 of C:\Users\HP\Documents\C4 Model\Structurizr\workspace\paynau\workspace.dsl: !include ../../shared/applications/containers/web-app.dsl
2026-08-28T17:05:39.014-06:00 ERROR 21972 --- [http-nio-8080-exec-4] c.s.s.w.w.a.DiagramViewerController      : com.structurizr.dsl.StructurizrDslParserException: C:\Users\HP\Documents\C4 Model\Structurizr\shared\applications\containers\web-app.dsl could not be found at line 15 of C:\Users\HP\Documents\C4 Model\Structurizr\workspace\paynau\workspace.dsl: !include ../../shared/applications/containers/web-app.dsl
2026-08-28T17:06:04.144-06:00 ERROR 21972 --- [http-nio-8080-exec-5] c.s.s.w.w.a.DiagramViewerController      : com.structurizr.dsl.StructurizrDslParserException: C:\Users\HP\Documents\C4 Model\Structurizr\shared\applications\containers\web-app.dsl could not be found at line 15 of C:\Users\HP\Documents\C4 Model\Structurizr\workspace\paynau\workspace.dsl: !include ../../shared/applications/containers/web-app.dsl
2026-08-28T17:06:04.361-06:00 ERROR 21972 --- [http-nio-8080-exec-2] c.s.s.w.w.a.DiagramViewerController      : com.structurizr.dsl.StructurizrDslParserException: C:\Users\HP\Documents\C4 Model\Structurizr\shared\applications\containers\web-app.dsl could not be found at line 15 of C:\Users\HP\Documents\C4 Model\Structurizr\workspace\paynau\workspace.dsl: !include ../../shared/applications/containers/web-app.dsl
2026-08-28T17:06:04.512-06:00 ERROR 21972 --- [http-nio-8080-exec-6] c.s.s.w.w.a.DiagramViewerController      : com.structurizr.dsl.StructurizrDslParserException: C:\Users\HP\Documents\C4 Model\Structurizr\shared\applications\containers\web-app.dsl could not be found at line 15 of C:\Users\HP\Documents\C4 Model\Structurizr\workspace\paynau\workspace.dsl: !include ../../shared/applications/containers/web-app.dsl
2026-08-28T17:06:04.671-06:00 ERROR 21972 --- [http-nio-8080-exec-3] c.s.s.w.w.a.DiagramViewerController      : com.structurizr.dsl.StructurizrDslParserException: C:\Users\HP\Documents\C4 Model\Structurizr\shared\applications\containers\web-app.dsl could not be found at line 15 of C:\Users\HP\Documents\C4 Model\Structurizr\workspace\paynau\workspace.dsl: !include ../../shared/applications/containers/web-app.dsl
2026-08-28T17:06:04.826-06:00 ERROR 21972 --- [http-nio-8080-exec-10] c.s.s.w.w.a.DiagramViewerController      : com.structurizr.dsl.StructurizrDslParserException: C:\Users\HP\Documents\C4 Model\Structurizr\shared\applications\containers\web-app.dsl could not be found at line 15 of C:\Users\HP\Documents\C4 Model\Structurizr\workspace\paynau\workspace.dsl: !include ../../shared/applications/containers/web-app.dsl
2026-08-28T17:06:05.311-06:00 ERROR 21972 --- [http-nio-8080-exec-1] c.s.s.w.w.a.DiagramViewerController      : com.structurizr.dsl.StructurizrDslParserException: C:\Users\HP\Documents\C4 Model\Structurizr\shared\applications\containers\web-app.dsl could not be found at line 15 of C:\Users\HP\Documents\C4 Model\Structurizr\workspace\paynau\workspace.dsl: !include ../../shared/applications/containers/web-app.dsl
2026-08-28T17:06:05.494-06:00 ERROR 21972 --- [http-nio-8080-exec-3] c.s.s.w.w.a.DiagramViewerController      : com.structurizr.dsl.StructurizrDslParserException: C:\Users\HP\Documents\C4 Model\Structurizr\shared\applications\containers\web-app.dsl could not be found at line 15 of C:\Users\HP\Documents\C4 Model\Structurizr\workspace\paynau\workspace.dsl: !include ../../shared/applications/containers/web-app.dsl
2026-08-28T17:06:05.665-06:00 ERROR 21972 --- [http-nio-8080-exec-5] c.s.s.w.w.a.DiagramViewerController      : com.structurizr.dsl.StructurizrDslParserException: C:\Users\HP\Documents\C4 Model\Structurizr\shared\applications\containers\web-app.dsl could not be found at line 15 of C:\Users\HP\Documents\C4 Model\Structurizr\workspace\paynau\workspace.dsl: !include ../../shared/applications/containers/web-app.dsl
2026-08-28T17:06:36.596-06:00 ERROR 21972 --- [http-nio-8080-exec-7] c.s.s.w.w.a.DiagramViewerController      : com.structurizr.dsl.StructurizrDslParserException: C:\Users\HP\Documents\C4 Model\Structurizr\shared\applications\containers\web-app.dsl could not be found at line 15 of C:\Users\HP\Documents\C4 Model\Structurizr\workspace\paynau\workspace.dsl: !include ../../shared/applications/containers/web-app.dsl
2026-08-28T17:06:37.096-06:00 ERROR 21972 --- [http-nio-8080-exec-1] c.s.s.w.w.a.DiagramViewerController      : com.structurizr.dsl.StructurizrDslParserException: C:\Users\HP\Documents\C4 Model\Structurizr\shared\applications\containers\web-app.dsl could not be found at line 15 of C:\Users\HP\Documents\C4 Model\Structurizr\workspace\paynau\workspace.dsl: !include ../../shared/applications/containers/web-app.dsl
2026-08-28T17:06:37.261-06:00 ERROR 21972 --- [http-nio-8080-exec-5] c.s.s.w.w.a.DiagramViewerController      : com.structurizr.dsl.StructurizrDslParserException: C:\Users\HP\Documents\C4 Model\Structurizr\shared\applications\containers\web-app.dsl could not be found at line 15 of C:\Users\HP\Documents\C4 Model\Structurizr\workspace\paynau\workspace.dsl: !include ../../shared/applications/containers/web-app.dsl
2026-08-28T17:06:53.480-06:00 ERROR 21972 --- [http-nio-8080-exec-9] c.s.s.w.w.a.DiagramViewerController      : com.structurizr.dsl.StructurizrDslParserException: C:\Users\HP\Documents\C4 Model\Structurizr\shared\applications\containers\web-app.dsl could not be found at line 15 of C:\Users\HP\Documents\C4 Model\Structurizr\workspace\paynau\workspace.dsl: !include ../../shared/applications/containers/web-app.dsl
2026-08-28T17:06:53.682-06:00 ERROR 21972 --- [http-nio-8080-exec-8] c.s.s.w.w.a.DiagramViewerController      : com.structurizr.dsl.StructurizrDslParserException: C:\Users\HP\Documents\C4 Model\Structurizr\shared\applications\containers\web-app.dsl could not be found at line 15 of C:\Users\HP\Documents\C4 Model\Structurizr\workspace\paynau\workspace.dsl: !include ../../shared/applications/containers/web-app.dsl
2026-08-28T17:06:53.859-06:00 ERROR 21972 --- [http-nio-8080-exec-6] c.s.s.w.w.a.DiagramViewerController      : com.structurizr.dsl.StructurizrDslParserException: C:\Users\HP\Documents\C4 Model\Structurizr\shared\applications\containers\web-app.dsl could not be found at line 15 of C:\Users\HP\Documents\C4 Model\Structurizr\workspace\paynau\workspace.dsl: !include ../../shared/applications/containers/web-app.dsl
2026-08-28T17:06:54.023-06:00 ERROR 21972 --- [http-nio-8080-exec-2] c.s.s.w.w.a.DiagramViewerController      : com.structurizr.dsl.StructurizrDslParserException: C:\Users\HP\Documents\C4 Model\Structurizr\shared\applications\containers\web-app.dsl could not be found at line 15 of C:\Users\HP\Documents\C4 Model\Structurizr\workspace\paynau\workspace.dsl: !include ../../shared/applications/containers/web-app.dsl
2026-08-28T17:06:54.179-06:00 ERROR 21972 --- [http-nio-8080-exec-8] c.s.s.w.w.a.DiagramViewerController      : com.structurizr.dsl.StructurizrDslParserException: C:\Users\HP\Documents\C4 Model\Structurizr\shared\applications\containers\web-app.dsl could not be found at line 15 of C:\Users\HP\Documents\C4 Model\Structurizr\workspace\paynau\workspace.dsl: !include ../../shared/applications/containers/web-app.dsl
2026-08-28T17:06:54.329-06:00 ERROR 21972 --- [http-nio-8080-exec-10] c.s.s.w.w.a.DiagramViewerController      : com.structurizr.dsl.StructurizrDslParserException: C:\Users\HP\Documents\C4 Model\Structurizr\shared\applications\containers\web-app.dsl could not be found at line 15 of C:\Users\HP\Documents\C4 Model\Structurizr\workspace\paynau\workspace.dsl: !include ../../shared/applications/containers/web-app.dsl
2026-08-28T17:06:54.499-06:00 ERROR 21972 --- [http-nio-8080-exec-4] c.s.s.w.w.a.DiagramViewerController      : com.structurizr.dsl.StructurizrDslParserException: C:\Users\HP\Documents\C4 Model\Structurizr\shared\applications\containers\web-app.dsl could not be found at line 15 of C:\Users\HP\Documents\C4 Model\Structurizr\workspace\paynau\workspace.dsl: !include ../../shared/applications/containers/web-app.dsl
2026-08-28T17:06:54.637-06:00 ERROR 21972 --- [http-nio-8080-exec-2] c.s.s.w.w.a.DiagramViewerController      : com.structurizr.dsl.StructurizrDslParserException: C:\Users\HP\Documents\C4 Model\Structurizr\shared\applications\containers\web-app.dsl could not be found at line 15 of C:\Users\HP\Documents\C4 Model\Structurizr\workspace\paynau\workspace.dsl: !include ../../shared/applications/containers/web-app.dsl
2026-08-28T17:07:55.311-06:00 ERROR 21972 --- [http-nio-8080-exec-1] c.s.s.w.w.a.DiagramViewerController      : com.structurizr.dsl.StructurizrDslParserException: C:\Users\HP\Documents\C4 Model\Structurizr\syles\styles.dsl could not be found at line 26 of C:\Users\HP\Documents\C4 Model\Structurizr\workspace\paynau\workspace.dsl: !include ../../syles/styles.dsl
2026-08-28T17:07:55.773-06:00 ERROR 21972 --- [http-nio-8080-exec-5] c.s.s.w.w.a.DiagramViewerController      : com.structurizr.dsl.StructurizrDslParserException: C:\Users\HP\Documents\C4 Model\Structurizr\syles\styles.dsl could not be found at line 26 of C:\Users\HP\Documents\C4 Model\Structurizr\workspace\paynau\workspace.dsl: !include ../../syles/styles.dsl
2026-08-28T17:07:55.963-06:00 ERROR 21972 --- [http-nio-8080-exec-6] c.s.s.w.w.a.DiagramViewerController      : com.structurizr.dsl.StructurizrDslParserException: C:\Users\HP\Documents\C4 Model\Structurizr\syles\styles.dsl could not be found at line 26 of C:\Users\HP\Documents\C4 Model\Structurizr\workspace\paynau\workspace.dsl: !include ../../syles/styles.dsl
2026-08-28T17:07:56.117-06:00 ERROR 21972 --- [http-nio-8080-exec-4] c.s.s.w.w.a.DiagramViewerController      : com.structurizr.dsl.StructurizrDslParserException: C:\Users\HP\Documents\C4 Model\Structurizr\syles\styles.dsl could not be found at line 26 of C:\Users\HP\Documents\C4 Model\Structurizr\workspace\paynau\workspace.dsl: !include ../../syles/styles.dsl
2026-08-28T17:17:08.338-06:00  INFO 23516 --- [main] com.structurizr.server.Local             : ***********************************************************************************
2026-08-28T17:17:08.340-06:00  INFO 23516 --- [main] com.structurizr.server.Local             :   _____ _                   _              _          
2026-08-28T17:17:08.341-06:00  INFO 23516 --- [main] com.structurizr.server.Local             :  / ____| |                 | |            (_)         
2026-08-28T17:17:08.341-06:00  INFO 23516 --- [main] com.structurizr.server.Local             : | (___ | |_ _ __ _   _  ___| |_ _   _ _ __ _ _____ __ 
2026-08-28T17:17:08.341-06:00  INFO 23516 --- [main] com.structurizr.server.Local             :  \___ \| __| '__| | | |/ __| __| | | | '__| |_  / '__|
2026-08-28T17:17:08.341-06:00  INFO 23516 --- [main] com.structurizr.server.Local             :  ____) | |_| |  | |_| | (__| |_| |_| | |  | |/ /| |   
2026-08-28T17:17:08.341-06:00  INFO 23516 --- [main] com.structurizr.server.Local             : |_____/ \__|_|   \__,_|\___|\__|\__,_|_|  |_/___|_|   
2026-08-28T17:17:08.341-06:00  INFO 23516 --- [main] com.structurizr.server.Local             :                                                       
2026-08-28T17:17:08.342-06:00  INFO 23516 --- [main] com.structurizr.server.Local             : Local v2026.06.28
2026-08-28T17:17:08.342-06:00  INFO 23516 --- [main] com.structurizr.server.Local             : ***********************************************************************************
2026-08-28T17:17:08.344-06:00  INFO 23516 --- [main] com.structurizr.server.Local             :  - structurizr.authentication: none
2026-08-28T17:17:08.344-06:00  INFO 23516 --- [main] com.structurizr.server.Local             :  - structurizr.autorefreshinterval: 0
2026-08-28T17:17:08.344-06:00  INFO 23516 --- [main] com.structurizr.server.Local             :  - structurizr.autosaveinterval: 5000
2026-08-28T17:17:08.344-06:00  INFO 23516 --- [main] com.structurizr.server.Local             :  - structurizr.cache: none
2026-08-28T17:17:08.345-06:00  INFO 23516 --- [main] com.structurizr.server.Local             :  - structurizr.data: file
2026-08-28T17:17:08.345-06:00  INFO 23516 --- [main] com.structurizr.server.Local             :  - structurizr.datadirectory: C:\Users\HP\Documents\GitHub\Structurizr\Structurizr\workspace\paynau
2026-08-28T17:17:08.345-06:00  INFO 23516 --- [main] com.structurizr.server.Local             :  - structurizr.debug: false
2026-08-28T17:17:08.345-06:00  INFO 23516 --- [main] com.structurizr.server.Local             :  - structurizr.editable: true
2026-08-28T17:17:08.345-06:00  INFO 23516 --- [main] com.structurizr.server.Local             :  - structurizr.logging.filename: C:\Users\HP\Documents\GitHub\Structurizr\Structurizr\workspace\paynau\.structurizr\logs\structurizr.log
2026-08-28T17:17:08.346-06:00  INFO 23516 --- [main] com.structurizr.server.Local             :  - structurizr.network.timeout: 60000
2026-08-28T17:17:08.346-06:00  INFO 23516 --- [main] com.structurizr.server.Local             :  - structurizr.network.urls.allowed: .*
2026-08-28T17:17:08.346-06:00  INFO 23516 --- [main] com.structurizr.server.Local             :  - structurizr.search: lucene
2026-08-28T17:17:08.347-06:00  INFO 23516 --- [main] com.structurizr.server.Local             :  - structurizr.themes: C:\Users\HP\Documents\GitHub\Structurizr\Structurizr\workspace\paynau\themes\
2026-08-28T17:17:08.347-06:00  INFO 23516 --- [main] com.structurizr.server.Local             :  - structurizr.workspace.maxsize: 1MB
2026-08-28T17:17:08.347-06:00  INFO 23516 --- [main] com.structurizr.server.Local             :  - structurizr.workspace.threads: 10
2026-08-28T17:17:08.347-06:00  INFO 23516 --- [main] com.structurizr.server.Local             :  - structurizr.workspaces: 1
2026-08-28T17:17:08.348-06:00  INFO 23516 --- [main] com.structurizr.server.Local             : ***********************************************************************************
2026-08-28T17:17:08.348-06:00  INFO 23516 --- [main] com.structurizr.server.Local             : Themes:
2026-08-28T17:17:08.349-06:00  INFO 23516 --- [main] com.structurizr.server.Local             : ***********************************************************************************
2026-08-28T18:19:42.737-06:00  INFO 23516 --- [SpringApplicationShutdownHook] com.structurizr.server.AbstractServer    : ********************************************************
2026-08-28T18:19:42.739-06:00  INFO 23516 --- [SpringApplicationShutdownHook] com.structurizr.server.AbstractServer    :  Stopping Structurizr
2026-08-28T18:19:42.739-06:00  INFO 23516 --- [SpringApplicationShutdownHook] com.structurizr.server.AbstractServer    : ********************************************************
2026-08-29T00:27:27.194Z  INFO 1 --- [main] com.structurizr.server.Local             : ***********************************************************************************
2026-08-29T00:27:27.200Z  INFO 1 --- [main] com.structurizr.server.Local             :   _____ _                   _              _          
2026-08-29T00:27:27.202Z  INFO 1 --- [main] com.structurizr.server.Local             :  / ____| |                 | |            (_)         
2026-08-29T00:27:27.202Z  INFO 1 --- [main] com.structurizr.server.Local             : | (___ | |_ _ __ _   _  ___| |_ _   _ _ __ _ _____ __ 
2026-08-29T00:27:27.203Z  INFO 1 --- [main] com.structurizr.server.Local             :  \___ \| __| '__| | | |/ __| __| | | | '__| |_  / '__|
2026-08-29T00:27:27.204Z  INFO 1 --- [main] com.structurizr.server.Local             :  ____) | |_| |  | |_| | (__| |_| |_| | |  | |/ /| |   
2026-08-29T00:27:27.206Z  INFO 1 --- [main] com.structurizr.server.Local             : |_____/ \__|_|   \__,_|\___|\__|\__,_|_|  |_/___|_|   
2026-08-29T00:27:27.207Z  INFO 1 --- [main] com.structurizr.server.Local             :                                                       
2026-08-29T00:27:27.208Z  INFO 1 --- [main] com.structurizr.server.Local             : Local v2026.06.28
2026-08-29T00:27:27.209Z  INFO 1 --- [main] com.structurizr.server.Local             : ***********************************************************************************
2026-08-29T00:27:27.210Z  INFO 1 --- [main] com.structurizr.server.Local             :  - structurizr.authentication: none
2026-08-29T00:27:27.211Z  INFO 1 --- [main] com.structurizr.server.Local             :  - structurizr.autorefreshinterval: 0
2026-08-29T00:27:27.213Z  INFO 1 --- [main] com.structurizr.server.Local             :  - structurizr.autosaveinterval: 5000
2026-08-29T00:27:27.214Z  INFO 1 --- [main] com.structurizr.server.Local             :  - structurizr.cache: none
2026-08-29T00:27:27.215Z  INFO 1 --- [main] com.structurizr.server.Local             :  - structurizr.data: file
2026-08-29T00:27:27.222Z  INFO 1 --- [main] com.structurizr.server.Local             :  - structurizr.datadirectory: /usr/local/structurizr
2026-08-29T00:27:27.224Z  INFO 1 --- [main] com.structurizr.server.Local             :  - structurizr.debug: false
2026-08-29T00:27:27.226Z  INFO 1 --- [main] com.structurizr.server.Local             :  - structurizr.editable: true
2026-08-29T00:27:27.227Z  INFO 1 --- [main] com.structurizr.server.Local             :  - structurizr.logging.filename: /usr/local/structurizr/.structurizr/logs/structurizr.log
2026-08-29T00:27:27.229Z  INFO 1 --- [main] com.structurizr.server.Local             :  - structurizr.network.timeout: 60000
2026-08-29T00:27:27.231Z  INFO 1 --- [main] com.structurizr.server.Local             :  - structurizr.network.urls.allowed: .*
2026-08-29T00:27:27.232Z  INFO 1 --- [main] com.structurizr.server.Local             :  - structurizr.search: lucene
2026-08-29T00:27:27.234Z  INFO 1 --- [main] com.structurizr.server.Local             :  - structurizr.themes: /usr/local/structurizr/themes/
2026-08-29T00:27:27.235Z  INFO 1 --- [main] com.structurizr.server.Local             :  - structurizr.workspace.maxsize: 1MB
2026-08-29T00:27:27.236Z  INFO 1 --- [main] com.structurizr.server.Local             :  - structurizr.workspace.threads: 10
2026-08-29T00:27:27.238Z  INFO 1 --- [main] com.structurizr.server.Local             :  - structurizr.workspaces: 1
2026-08-29T00:27:27.239Z  INFO 1 --- [main] com.structurizr.server.Local             : ***********************************************************************************
2026-08-29T00:27:27.240Z  INFO 1 --- [main] com.structurizr.server.Local             : Themes:
2026-08-29T00:27:27.241Z  INFO 1 --- [main] com.structurizr.server.Local             : ***********************************************************************************
2026-08-29T00:27:48.885Z  INFO 1 --- [main] com.structurizr.server.Local             : ***********************************************************************************
2026-08-29T00:27:48.896Z  INFO 1 --- [main] com.structurizr.server.Local             :   _____ _                   _              _          
2026-08-29T00:27:48.898Z  INFO 1 --- [main] com.structurizr.server.Local             :  / ____| |                 | |            (_)         
2026-08-29T00:27:48.900Z  INFO 1 --- [main] com.structurizr.server.Local             : | (___ | |_ _ __ _   _  ___| |_ _   _ _ __ _ _____ __ 
2026-08-29T00:27:48.902Z  INFO 1 --- [main] com.structurizr.server.Local             :  \___ \| __| '__| | | |/ __| __| | | | '__| |_  / '__|
2026-08-29T00:27:48.904Z  INFO 1 --- [main] com.structurizr.server.Local             :  ____) | |_| |  | |_| | (__| |_| |_| | |  | |/ /| |   
2026-08-29T00:27:48.905Z  INFO 1 --- [main] com.structurizr.server.Local             : |_____/ \__|_|   \__,_|\___|\__|\__,_|_|  |_/___|_|   
2026-08-29T00:27:48.906Z  INFO 1 --- [main] com.structurizr.server.Local             :                                                       
2026-08-29T00:27:48.913Z  INFO 1 --- [main] com.structurizr.server.Local             : Local v2026.06.28
2026-08-29T00:27:48.915Z  INFO 1 --- [main] com.structurizr.server.Local             : ***********************************************************************************
2026-08-29T00:27:48.917Z  INFO 1 --- [main] com.structurizr.server.Local             :  - structurizr.authentication: none
2026-08-29T00:27:48.918Z  INFO 1 --- [main] com.structurizr.server.Local             :  - structurizr.autorefreshinterval: 0
2026-08-29T00:27:48.919Z  INFO 1 --- [main] com.structurizr.server.Local             :  - structurizr.autosaveinterval: 5000
2026-08-29T00:27:48.920Z  INFO 1 --- [main] com.structurizr.server.Local             :  - structurizr.cache: none
2026-08-29T00:27:48.921Z  INFO 1 --- [main] com.structurizr.server.Local             :  - structurizr.data: file
2026-08-29T00:27:48.922Z  INFO 1 --- [main] com.structurizr.server.Local             :  - structurizr.datadirectory: /usr/local/structurizr
2026-08-29T00:27:48.924Z  INFO 1 --- [main] com.structurizr.server.Local             :  - structurizr.debug: false
2026-08-29T00:27:48.925Z  INFO 1 --- [main] com.structurizr.server.Local             :  - structurizr.editable: true
2026-08-29T00:27:48.926Z  INFO 1 --- [main] com.structurizr.server.Local             :  - structurizr.logging.filename: /usr/local/structurizr/.structurizr/logs/structurizr.log
2026-08-29T00:27:48.929Z  INFO 1 --- [main] com.structurizr.server.Local             :  - structurizr.network.timeout: 60000
2026-08-29T00:27:48.930Z  INFO 1 --- [main] com.structurizr.server.Local             :  - structurizr.network.urls.allowed: .*
2026-08-29T00:27:48.932Z  INFO 1 --- [main] com.structurizr.server.Local             :  - structurizr.search: lucene
2026-08-29T00:27:48.933Z  INFO 1 --- [main] com.structurizr.server.Local             :  - structurizr.themes: /usr/local/structurizr/themes/
2026-08-29T00:27:48.934Z  INFO 1 --- [main] com.structurizr.server.Local             :  - structurizr.workspace.maxsize: 1MB
2026-08-29T00:27:48.936Z  INFO 1 --- [main] com.structurizr.server.Local             :  - structurizr.workspace.threads: 10
2026-08-29T00:27:48.937Z  INFO 1 --- [main] com.structurizr.server.Local             :  - structurizr.workspaces: 1
2026-08-29T00:27:48.938Z  INFO 1 --- [main] com.structurizr.server.Local             : ***********************************************************************************
2026-08-29T00:27:48.940Z  INFO 1 --- [main] com.structurizr.server.Local             : Themes:
2026-08-29T00:27:48.941Z  INFO 1 --- [main] com.structurizr.server.Local             : ***********************************************************************************
2026-08-29T00:28:08.255Z  INFO 1 --- [SpringApplicationShutdownHook] com.structurizr.server.AbstractServer    : ********************************************************
2026-08-29T00:28:08.257Z  INFO 1 --- [SpringApplicationShutdownHook] com.structurizr.server.AbstractServer    :  Stopping Structurizr
2026-08-29T00:28:08.259Z  INFO 1 --- [SpringApplicationShutdownHook] com.structurizr.server.AbstractServer    : ********************************************************
2026-08-29T00:28:13.101Z  INFO 1 --- [main] com.structurizr.server.Local             : ***********************************************************************************
2026-08-29T00:28:13.109Z  INFO 1 --- [main] com.structurizr.server.Local             :   _____ _                   _              _          
2026-08-29T00:28:13.113Z  INFO 1 --- [main] com.structurizr.server.Local             :  / ____| |                 | |            (_)         
2026-08-29T00:28:13.116Z  INFO 1 --- [main] com.structurizr.server.Local             : | (___ | |_ _ __ _   _  ___| |_ _   _ _ __ _ _____ __ 
2026-08-29T00:28:13.118Z  INFO 1 --- [main] com.structurizr.server.Local             :  \___ \| __| '__| | | |/ __| __| | | | '__| |_  / '__|
2026-08-29T00:28:13.119Z  INFO 1 --- [main] com.structurizr.server.Local             :  ____) | |_| |  | |_| | (__| |_| |_| | |  | |/ /| |   
2026-08-29T00:28:13.121Z  INFO 1 --- [main] com.structurizr.server.Local             : |_____/ \__|_|   \__,_|\___|\__|\__,_|_|  |_/___|_|   
2026-08-29T00:28:13.122Z  INFO 1 --- [main] com.structurizr.server.Local             :                                                       
2026-08-29T00:28:13.126Z  INFO 1 --- [main] com.structurizr.server.Local             : Local v2026.06.28
2026-08-29T00:28:13.128Z  INFO 1 --- [main] com.structurizr.server.Local             : ***********************************************************************************
2026-08-29T00:28:13.133Z  INFO 1 --- [main] com.structurizr.server.Local             :  - structurizr.authentication: none
2026-08-29T00:28:13.135Z  INFO 1 --- [main] com.structurizr.server.Local             :  - structurizr.autorefreshinterval: 0
2026-08-29T00:28:13.138Z  INFO 1 --- [main] com.structurizr.server.Local             :  - structurizr.autosaveinterval: 5000
2026-08-29T00:28:13.140Z  INFO 1 --- [main] com.structurizr.server.Local             :  - structurizr.cache: none
2026-08-29T00:28:13.143Z  INFO 1 --- [main] com.structurizr.server.Local             :  - structurizr.data: file
2026-08-29T00:28:13.147Z  INFO 1 --- [main] com.structurizr.server.Local             :  - structurizr.datadirectory: /usr/local/structurizr
2026-08-29T00:28:13.150Z  INFO 1 --- [main] com.structurizr.server.Local             :  - structurizr.debug: false
2026-08-29T00:28:13.153Z  INFO 1 --- [main] com.structurizr.server.Local             :  - structurizr.editable: true
2026-08-29T00:28:13.155Z  INFO 1 --- [main] com.structurizr.server.Local             :  - structurizr.logging.filename: /usr/local/structurizr/.structurizr/logs/structurizr.log
2026-08-29T00:28:13.157Z  INFO 1 --- [main] com.structurizr.server.Local             :  - structurizr.network.timeout: 60000
2026-08-29T00:28:13.159Z  INFO 1 --- [main] com.structurizr.server.Local             :  - structurizr.network.urls.allowed: .*
2026-08-29T00:28:13.162Z  INFO 1 --- [main] com.structurizr.server.Local             :  - structurizr.search: lucene
2026-08-29T00:28:13.164Z  INFO 1 --- [main] com.structurizr.server.Local             :  - structurizr.themes: /usr/local/structurizr/themes/
2026-08-29T00:28:13.166Z  INFO 1 --- [main] com.structurizr.server.Local             :  - structurizr.workspace.maxsize: 1MB
2026-08-29T00:28:13.168Z  INFO 1 --- [main] com.structurizr.server.Local             :  - structurizr.workspace.threads: 10
2026-08-29T00:28:13.170Z  INFO 1 --- [main] com.structurizr.server.Local             :  - structurizr.workspaces: 1
2026-08-29T00:28:13.172Z  INFO 1 --- [main] com.structurizr.server.Local             : ***********************************************************************************
2026-08-29T00:28:13.174Z  INFO 1 --- [main] com.structurizr.server.Local             : Themes:
2026-08-29T00:28:13.176Z  INFO 1 --- [main] com.structurizr.server.Local             : ***********************************************************************************
2026-08-29T00:29:54.599Z  INFO 1 --- [SpringApplicationShutdownHook] com.structurizr.server.AbstractServer    : ********************************************************
2026-08-29T00:29:54.601Z  INFO 1 --- [SpringApplicationShutdownHook] com.structurizr.server.AbstractServer    :  Stopping Structurizr
2026-08-29T00:29:54.603Z  INFO 1 --- [SpringApplicationShutdownHook] com.structurizr.server.AbstractServer    : ********************************************************
2026-08-29T00:30:45.240Z  INFO 1 --- [main] com.structurizr.server.Local             : ***********************************************************************************
2026-08-29T00:30:45.244Z  INFO 1 --- [main] com.structurizr.server.Local             :   _____ _                   _              _          
2026-08-29T00:30:45.245Z  INFO 1 --- [main] com.structurizr.server.Local             :  / ____| |                 | |            (_)         
2026-08-29T00:30:45.247Z  INFO 1 --- [main] com.structurizr.server.Local             : | (___ | |_ _ __ _   _  ___| |_ _   _ _ __ _ _____ __ 
2026-08-29T00:30:45.250Z  INFO 1 --- [main] com.structurizr.server.Local             :  \___ \| __| '__| | | |/ __| __| | | | '__| |_  / '__|
2026-08-29T00:30:45.251Z  INFO 1 --- [main] com.structurizr.server.Local             :  ____) | |_| |  | |_| | (__| |_| |_| | |  | |/ /| |   
2026-08-29T00:30:45.253Z  INFO 1 --- [main] com.structurizr.server.Local             : |_____/ \__|_|   \__,_|\___|\__|\__,_|_|  |_/___|_|   
2026-08-29T00:30:45.254Z  INFO 1 --- [main] com.structurizr.server.Local             :                                                       
2026-08-29T00:30:45.258Z  INFO 1 --- [main] com.structurizr.server.Local             : Local v2026.06.28
2026-08-29T00:30:45.259Z  INFO 1 --- [main] com.structurizr.server.Local             : ***********************************************************************************
2026-08-29T00:30:45.262Z  INFO 1 --- [main] com.structurizr.server.Local             :  - structurizr.authentication: none
2026-08-29T00:30:45.263Z  INFO 1 --- [main] com.structurizr.server.Local             :  - structurizr.autorefreshinterval: 0
2026-08-29T00:30:45.265Z  INFO 1 --- [main] com.structurizr.server.Local             :  - structurizr.autosaveinterval: 5000
2026-08-29T00:30:45.267Z  INFO 1 --- [main] com.structurizr.server.Local             :  - structurizr.cache: none
2026-08-29T00:30:45.269Z  INFO 1 --- [main] com.structurizr.server.Local             :  - structurizr.data: file
2026-08-29T00:30:45.271Z  INFO 1 --- [main] com.structurizr.server.Local             :  - structurizr.datadirectory: /usr/local/structurizr
2026-08-29T00:30:45.273Z  INFO 1 --- [main] com.structurizr.server.Local             :  - structurizr.debug: false
2026-08-29T00:30:45.275Z  INFO 1 --- [main] com.structurizr.server.Local             :  - structurizr.editable: true
2026-08-29T00:30:45.278Z  INFO 1 --- [main] com.structurizr.server.Local             :  - structurizr.logging.filename: /usr/local/structurizr/.structurizr/logs/structurizr.log
2026-08-29T00:30:45.281Z  INFO 1 --- [main] com.structurizr.server.Local             :  - structurizr.network.timeout: 60000
2026-08-29T00:30:45.283Z  INFO 1 --- [main] com.structurizr.server.Local             :  - structurizr.network.urls.allowed: .*
2026-08-29T00:30:45.285Z  INFO 1 --- [main] com.structurizr.server.Local             :  - structurizr.search: lucene
2026-08-29T00:30:45.287Z  INFO 1 --- [main] com.structurizr.server.Local             :  - structurizr.themes: /usr/local/structurizr/themes/
2026-08-29T00:30:45.289Z  INFO 1 --- [main] com.structurizr.server.Local             :  - structurizr.workspace.maxsize: 1MB
2026-08-29T00:30:45.293Z  INFO 1 --- [main] com.structurizr.server.Local             :  - structurizr.workspace.threads: 10
2026-08-29T00:30:45.295Z  INFO 1 --- [main] com.structurizr.server.Local             :  - structurizr.workspaces: 1
2026-08-29T00:30:45.297Z  INFO 1 --- [main] com.structurizr.server.Local             : ***********************************************************************************
2026-08-29T00:30:45.299Z  INFO 1 --- [main] com.structurizr.server.Local             : Themes:
2026-08-29T00:30:45.301Z  INFO 1 --- [main] com.structurizr.server.Local             : ***********************************************************************************
2026-08-29T00:32:40.965Z  INFO 1 --- [SpringApplicationShutdownHook] com.structurizr.server.AbstractServer    : ********************************************************
2026-08-29T00:32:40.967Z  INFO 1 --- [SpringApplicationShutdownHook] com.structurizr.server.AbstractServer    :  Stopping Structurizr
2026-08-29T00:32:40.972Z  INFO 1 --- [SpringApplicationShutdownHook] com.structurizr.server.AbstractServer    : ********************************************************
2026-08-29T00:33:44.517Z  INFO 1 --- [main] com.structurizr.server.Local             : ***********************************************************************************
2026-08-29T00:33:44.521Z  INFO 1 --- [main] com.structurizr.server.Local             :   _____ _                   _              _          
2026-08-29T00:33:44.523Z  INFO 1 --- [main] com.structurizr.server.Local             :  / ____| |                 | |            (_)         
2026-08-29T00:33:44.524Z  INFO 1 --- [main] com.structurizr.server.Local             : | (___ | |_ _ __ _   _  ___| |_ _   _ _ __ _ _____ __ 
2026-08-29T00:33:44.525Z  INFO 1 --- [main] com.structurizr.server.Local             :  \___ \| __| '__| | | |/ __| __| | | | '__| |_  / '__|
2026-08-29T00:33:44.526Z  INFO 1 --- [main] com.structurizr.server.Local             :  ____) | |_| |  | |_| | (__| |_| |_| | |  | |/ /| |   
2026-08-29T00:33:44.527Z  INFO 1 --- [main] com.structurizr.server.Local             : |_____/ \__|_|   \__,_|\___|\__|\__,_|_|  |_/___|_|   
2026-08-29T00:33:44.528Z  INFO 1 --- [main] com.structurizr.server.Local             :                                                       
2026-08-29T00:33:44.530Z  INFO 1 --- [main] com.structurizr.server.Local             : Local v2026.06.28
2026-08-29T00:33:44.531Z  INFO 1 --- [main] com.structurizr.server.Local             : ***********************************************************************************
2026-08-29T00:33:44.532Z  INFO 1 --- [main] com.structurizr.server.Local             :  - structurizr.authentication: none
2026-08-29T00:33:44.534Z  INFO 1 --- [main] com.structurizr.server.Local             :  - structurizr.autorefreshinterval: 0
2026-08-29T00:33:44.535Z  INFO 1 --- [main] com.structurizr.server.Local             :  - structurizr.autosaveinterval: 5000
2026-08-29T00:33:44.537Z  INFO 1 --- [main] com.structurizr.server.Local             :  - structurizr.cache: none
2026-08-29T00:33:44.538Z  INFO 1 --- [main] com.structurizr.server.Local             :  - structurizr.data: file
2026-08-29T00:33:44.540Z  INFO 1 --- [main] com.structurizr.server.Local             :  - structurizr.datadirectory: /usr/local/structurizr
2026-08-29T00:33:44.542Z  INFO 1 --- [main] com.structurizr.server.Local             :  - structurizr.debug: false
2026-08-29T00:33:44.543Z  INFO 1 --- [main] com.structurizr.server.Local             :  - structurizr.editable: true
2026-08-29T00:33:44.545Z  INFO 1 --- [main] com.structurizr.server.Local             :  - structurizr.logging.filename: /usr/local/structurizr/.structurizr/logs/structurizr.log
2026-08-29T00:33:44.547Z  INFO 1 --- [main] com.structurizr.server.Local             :  - structurizr.network.timeout: 60000
2026-08-29T00:33:44.549Z  INFO 1 --- [main] com.structurizr.server.Local             :  - structurizr.network.urls.allowed: .*
2026-08-29T00:33:44.550Z  INFO 1 --- [main] com.structurizr.server.Local             :  - structurizr.search: lucene
2026-08-29T00:33:44.551Z  INFO 1 --- [main] com.structurizr.server.Local             :  - structurizr.themes: /usr/local/structurizr/themes/
2026-08-29T00:33:44.552Z  INFO 1 --- [main] com.structurizr.server.Local             :  - structurizr.workspace.maxsize: 1MB
2026-08-29T00:33:44.554Z  INFO 1 --- [main] com.structurizr.server.Local             :  - structurizr.workspace.threads: 10
2026-08-29T00:33:44.555Z  INFO 1 --- [main] com.structurizr.server.Local             :  - structurizr.workspaces: 1
2026-08-29T00:33:44.556Z  INFO 1 --- [main] com.structurizr.server.Local             : ***********************************************************************************
2026-08-29T00:33:44.557Z  INFO 1 --- [main] com.structurizr.server.Local             : Themes:
2026-08-29T00:33:44.558Z  INFO 1 --- [main] com.structurizr.server.Local             : ***********************************************************************************
2026-08-29T00:37:21.264Z  INFO 1 --- [SpringApplicationShutdownHook] com.structurizr.server.AbstractServer    : ********************************************************
2026-08-29T00:37:21.266Z  INFO 1 --- [SpringApplicationShutdownHook] com.structurizr.server.AbstractServer    :  Stopping Structurizr
2026-08-29T00:37:21.267Z  INFO 1 --- [SpringApplicationShutdownHook] com.structurizr.server.AbstractServer    : ********************************************************
2026-08-28T18:52:49.928-06:00  INFO 9620 --- [main] com.structurizr.server.Local             : ***********************************************************************************
2026-08-28T18:52:49.930-06:00  INFO 9620 --- [main] com.structurizr.server.Local             :   _____ _                   _              _          
2026-08-28T18:52:49.931-06:00  INFO 9620 --- [main] com.structurizr.server.Local             :  / ____| |                 | |            (_)         
2026-08-28T18:52:49.931-06:00  INFO 9620 --- [main] com.structurizr.server.Local             : | (___ | |_ _ __ _   _  ___| |_ _   _ _ __ _ _____ __ 
2026-08-28T18:52:49.931-06:00  INFO 9620 --- [main] com.structurizr.server.Local             :  \___ \| __| '__| | | |/ __| __| | | | '__| |_  / '__|
2026-08-28T18:52:49.931-06:00  INFO 9620 --- [main] com.structurizr.server.Local             :  ____) | |_| |  | |_| | (__| |_| |_| | |  | |/ /| |   
2026-08-28T18:52:49.931-06:00  INFO 9620 --- [main] com.structurizr.server.Local             : |_____/ \__|_|   \__,_|\___|\__|\__,_|_|  |_/___|_|   
2026-08-28T18:52:49.931-06:00  INFO 9620 --- [main] com.structurizr.server.Local             :                                                       
2026-08-28T18:52:49.932-06:00  INFO 9620 --- [main] com.structurizr.server.Local             : Local v2026.06.28
2026-08-28T18:52:49.932-06:00  INFO 9620 --- [main] com.structurizr.server.Local             : ***********************************************************************************
2026-08-28T18:52:49.933-06:00  INFO 9620 --- [main] com.structurizr.server.Local             :  - structurizr.authentication: none
2026-08-28T18:52:49.933-06:00  INFO 9620 --- [main] com.structurizr.server.Local             :  - structurizr.autorefreshinterval: 0
2026-08-28T18:52:49.934-06:00  INFO 9620 --- [main] com.structurizr.server.Local             :  - structurizr.autosaveinterval: 5000
2026-08-28T18:52:49.934-06:00  INFO 9620 --- [main] com.structurizr.server.Local             :  - structurizr.cache: none
2026-08-28T18:52:49.934-06:00  INFO 9620 --- [main] com.structurizr.server.Local             :  - structurizr.data: file
2026-08-28T18:52:49.935-06:00  INFO 9620 --- [main] com.structurizr.server.Local             :  - structurizr.datadirectory: C:\Users\HP\Documents\GitHub\Structurizr\Structurizr\workspace\paynau
2026-08-28T18:52:49.935-06:00  INFO 9620 --- [main] com.structurizr.server.Local             :  - structurizr.debug: false
2026-08-28T18:52:49.935-06:00  INFO 9620 --- [main] com.structurizr.server.Local             :  - structurizr.editable: true
2026-08-28T18:52:49.936-06:00  INFO 9620 --- [main] com.structurizr.server.Local             :  - structurizr.logging.filename: C:\Users\HP\Documents\GitHub\Structurizr\Structurizr\workspace\paynau\.structurizr\logs\structurizr.log
2026-08-28T18:52:49.936-06:00  INFO 9620 --- [main] com.structurizr.server.Local             :  - structurizr.network.timeout: 60000
2026-08-28T18:52:49.936-06:00  INFO 9620 --- [main] com.structurizr.server.Local             :  - structurizr.network.urls.allowed: .*
2026-08-28T18:52:49.937-06:00  INFO 9620 --- [main] com.structurizr.server.Local             :  - structurizr.search: lucene
2026-08-28T18:52:49.937-06:00  INFO 9620 --- [main] com.structurizr.server.Local             :  - structurizr.themes: C:\Users\HP\Documents\GitHub\Structurizr\Structurizr\workspace\paynau\themes\
2026-08-28T18:52:49.938-06:00  INFO 9620 --- [main] com.structurizr.server.Local             :  - structurizr.workspace.maxsize: 1MB
2026-08-28T18:52:49.938-06:00  INFO 9620 --- [main] com.structurizr.server.Local             :  - structurizr.workspace.threads: 10
2026-08-28T18:52:49.938-06:00  INFO 9620 --- [main] com.structurizr.server.Local             :  - structurizr.workspaces: 1
2026-08-28T18:52:49.939-06:00  INFO 9620 --- [main] com.structurizr.server.Local             : ***********************************************************************************
2026-08-28T18:52:49.939-06:00  INFO 9620 --- [main] com.structurizr.server.Local             : Themes:
2026-08-28T18:52:49.940-06:00  INFO 9620 --- [main] com.structurizr.server.Local             : ***********************************************************************************
2026-08-28T18:55:34.835-06:00  INFO 9620 --- [SpringApplicationShutdownHook] com.structurizr.server.AbstractServer    : ********************************************************
2026-08-28T18:55:34.836-06:00  INFO 9620 --- [SpringApplicationShutdownHook] com.structurizr.server.AbstractServer    :  Stopping Structurizr
2026-08-28T18:55:34.836-06:00  INFO 9620 --- [SpringApplicationShutdownHook] com.structurizr.server.AbstractServer    : ********************************************************
2026-08-29T01:00:57.786Z  INFO 1 --- [main] com.structurizr.server.Local             : ***********************************************************************************
2026-08-29T01:00:57.790Z  INFO 1 --- [main] com.structurizr.server.Local             :   _____ _                   _              _          
2026-08-29T01:00:57.791Z  INFO 1 --- [main] com.structurizr.server.Local             :  / ____| |                 | |            (_)         
2026-08-29T01:00:57.792Z  INFO 1 --- [main] com.structurizr.server.Local             : | (___ | |_ _ __ _   _  ___| |_ _   _ _ __ _ _____ __ 
2026-08-29T01:00:57.793Z  INFO 1 --- [main] com.structurizr.server.Local             :  \___ \| __| '__| | | |/ __| __| | | | '__| |_  / '__|
2026-08-29T01:00:57.795Z  INFO 1 --- [main] com.structurizr.server.Local             :  ____) | |_| |  | |_| | (__| |_| |_| | |  | |/ /| |   
2026-08-29T01:00:57.796Z  INFO 1 --- [main] com.structurizr.server.Local             : |_____/ \__|_|   \__,_|\___|\__|\__,_|_|  |_/___|_|   
2026-08-29T01:00:57.797Z  INFO 1 --- [main] com.structurizr.server.Local             :                                                       
2026-08-29T01:00:57.799Z  INFO 1 --- [main] com.structurizr.server.Local             : Local v2026.06.28
2026-08-29T01:00:57.800Z  INFO 1 --- [main] com.structurizr.server.Local             : ***********************************************************************************
2026-08-29T01:00:57.802Z  INFO 1 --- [main] com.structurizr.server.Local             :  - structurizr.authentication: none
2026-08-29T01:00:57.803Z  INFO 1 --- [main] com.structurizr.server.Local             :  - structurizr.autorefreshinterval: 0
2026-08-29T01:00:57.804Z  INFO 1 --- [main] com.structurizr.server.Local             :  - structurizr.autosaveinterval: 5000
2026-08-29T01:00:57.806Z  INFO 1 --- [main] com.structurizr.server.Local             :  - structurizr.cache: none
2026-08-29T01:00:57.807Z  INFO 1 --- [main] com.structurizr.server.Local             :  - structurizr.data: file
2026-08-29T01:00:57.808Z  INFO 1 --- [main] com.structurizr.server.Local             :  - structurizr.datadirectory: /usr/local/structurizr/paynau
2026-08-29T01:00:57.809Z  INFO 1 --- [main] com.structurizr.server.Local             :  - structurizr.debug: false
2026-08-29T01:00:57.811Z  INFO 1 --- [main] com.structurizr.server.Local             :  - structurizr.editable: true
2026-08-29T01:00:57.812Z  INFO 1 --- [main] com.structurizr.server.Local             :  - structurizr.logging.filename: /usr/local/structurizr/paynau/.structurizr/logs/structurizr.log
2026-08-29T01:00:57.813Z  INFO 1 --- [main] com.structurizr.server.Local             :  - structurizr.network.timeout: 60000
2026-08-29T01:00:57.815Z  INFO 1 --- [main] com.structurizr.server.Local             :  - structurizr.network.urls.allowed: .*
2026-08-29T01:00:57.816Z  INFO 1 --- [main] com.structurizr.server.Local             :  - structurizr.search: lucene
2026-08-29T01:00:57.817Z  INFO 1 --- [main] com.structurizr.server.Local             :  - structurizr.themes: /usr/local/structurizr/paynau/themes/
2026-08-29T01:00:57.818Z  INFO 1 --- [main] com.structurizr.server.Local             :  - structurizr.workspace.maxsize: 1MB
2026-08-29T01:00:57.819Z  INFO 1 --- [main] com.structurizr.server.Local             :  - structurizr.workspace.threads: 10
2026-08-29T01:00:57.820Z  INFO 1 --- [main] com.structurizr.server.Local             :  - structurizr.workspaces: 1
2026-08-29T01:00:57.821Z  INFO 1 --- [main] com.structurizr.server.Local             : ***********************************************************************************
2026-08-29T01:00:57.822Z  INFO 1 --- [main] com.structurizr.server.Local             : Themes:
2026-08-29T01:00:57.824Z  INFO 1 --- [main] com.structurizr.server.Local             : ***********************************************************************************
2026-08-29T01:02:18.625Z  INFO 1 --- [SpringApplicationShutdownHook] com.structurizr.server.AbstractServer    : ********************************************************
2026-08-29T01:02:18.627Z  INFO 1 --- [SpringApplicationShutdownHook] com.structurizr.server.AbstractServer    :  Stopping Structurizr
2026-08-29T01:02:18.628Z  INFO 1 --- [SpringApplicationShutdownHook] com.structurizr.server.AbstractServer    : ********************************************************
2026-08-29T01:02:37.688Z  INFO 1 --- [main] com.structurizr.server.Local             : ***********************************************************************************
2026-08-29T01:02:37.692Z  INFO 1 --- [main] com.structurizr.server.Local             :   _____ _                   _              _          
2026-08-29T01:02:37.693Z  INFO 1 --- [main] com.structurizr.server.Local             :  / ____| |                 | |            (_)         
2026-08-29T01:02:37.694Z  INFO 1 --- [main] com.structurizr.server.Local             : | (___ | |_ _ __ _   _  ___| |_ _   _ _ __ _ _____ __ 
2026-08-29T01:02:37.695Z  INFO 1 --- [main] com.structurizr.server.Local             :  \___ \| __| '__| | | |/ __| __| | | | '__| |_  / '__|
2026-08-29T01:02:37.696Z  INFO 1 --- [main] com.structurizr.server.Local             :  ____) | |_| |  | |_| | (__| |_| |_| | |  | |/ /| |   
2026-08-29T01:02:37.697Z  INFO 1 --- [main] com.structurizr.server.Local             : |_____/ \__|_|   \__,_|\___|\__|\__,_|_|  |_/___|_|   
2026-08-29T01:02:37.698Z  INFO 1 --- [main] com.structurizr.server.Local             :                                                       
2026-08-29T01:02:37.700Z  INFO 1 --- [main] com.structurizr.server.Local             : Local v2026.06.28
2026-08-29T01:02:37.701Z  INFO 1 --- [main] com.structurizr.server.Local             : ***********************************************************************************
2026-08-29T01:02:37.702Z  INFO 1 --- [main] com.structurizr.server.Local             :  - structurizr.authentication: none
2026-08-29T01:02:37.704Z  INFO 1 --- [main] com.structurizr.server.Local             :  - structurizr.autorefreshinterval: 0
2026-08-29T01:02:37.705Z  INFO 1 --- [main] com.structurizr.server.Local             :  - structurizr.autosaveinterval: 5000
2026-08-29T01:02:37.706Z  INFO 1 --- [main] com.structurizr.server.Local             :  - structurizr.cache: none
2026-08-29T01:02:37.707Z  INFO 1 --- [main] com.structurizr.server.Local             :  - structurizr.data: file
2026-08-29T01:02:37.709Z  INFO 1 --- [main] com.structurizr.server.Local             :  - structurizr.datadirectory: /usr/local/structurizr/paynau
2026-08-29T01:02:37.710Z  INFO 1 --- [main] com.structurizr.server.Local             :  - structurizr.debug: false
2026-08-29T01:02:37.711Z  INFO 1 --- [main] com.structurizr.server.Local             :  - structurizr.editable: true
2026-08-29T01:02:37.712Z  INFO 1 --- [main] com.structurizr.server.Local             :  - structurizr.logging.filename: /usr/local/structurizr/paynau/.structurizr/logs/structurizr.log
2026-08-29T01:02:37.713Z  INFO 1 --- [main] com.structurizr.server.Local             :  - structurizr.network.timeout: 60000
2026-08-29T01:02:37.714Z  INFO 1 --- [main] com.structurizr.server.Local             :  - structurizr.network.urls.allowed: .*
2026-08-29T01:02:37.715Z  INFO 1 --- [main] com.structurizr.server.Local             :  - structurizr.search: lucene
2026-08-29T01:02:37.716Z  INFO 1 --- [main] com.structurizr.server.Local             :  - structurizr.themes: /usr/local/structurizr/paynau/themes/
2026-08-29T01:02:37.717Z  INFO 1 --- [main] com.structurizr.server.Local             :  - structurizr.workspace.maxsize: 1MB
2026-08-29T01:02:37.718Z  INFO 1 --- [main] com.structurizr.server.Local             :  - structurizr.workspace.threads: 10
2026-08-29T01:02:37.719Z  INFO 1 --- [main] com.structurizr.server.Local             :  - structurizr.workspaces: 1
2026-08-29T01:02:37.720Z  INFO 1 --- [main] com.structurizr.server.Local             : ***********************************************************************************
2026-08-29T01:02:37.721Z  INFO 1 --- [main] com.structurizr.server.Local             : Themes:
2026-08-29T01:02:37.722Z  INFO 1 --- [main] com.structurizr.server.Local             : ***********************************************************************************
2026-08-29T01:07:41.387Z  INFO 1 --- [main] com.structurizr.server.Local             : ***********************************************************************************
2026-08-29T01:07:41.390Z  INFO 1 --- [main] com.structurizr.server.Local             :   _____ _                   _              _          
2026-08-29T01:07:41.391Z  INFO 1 --- [main] com.structurizr.server.Local             :  / ____| |                 | |            (_)         
2026-08-29T01:07:41.392Z  INFO 1 --- [main] com.structurizr.server.Local             : | (___ | |_ _ __ _   _  ___| |_ _   _ _ __ _ _____ __ 
2026-08-29T01:07:41.393Z  INFO 1 --- [main] com.structurizr.server.Local             :  \___ \| __| '__| | | |/ __| __| | | | '__| |_  / '__|
2026-08-29T01:07:41.393Z  INFO 1 --- [main] com.structurizr.server.Local             :  ____) | |_| |  | |_| | (__| |_| |_| | |  | |/ /| |   
2026-08-29T01:07:41.394Z  INFO 1 --- [main] com.structurizr.server.Local             : |_____/ \__|_|   \__,_|\___|\__|\__,_|_|  |_/___|_|   
2026-08-29T01:07:41.394Z  INFO 1 --- [main] com.structurizr.server.Local             :                                                       
2026-08-29T01:07:41.395Z  INFO 1 --- [main] com.structurizr.server.Local             : Local v2026.06.28
2026-08-29T01:07:41.396Z  INFO 1 --- [main] com.structurizr.server.Local             : ***********************************************************************************
2026-08-29T01:07:41.397Z  INFO 1 --- [main] com.structurizr.server.Local             :  - structurizr.authentication: none
2026-08-29T01:07:41.398Z  INFO 1 --- [main] com.structurizr.server.Local             :  - structurizr.autorefreshinterval: 0
2026-08-29T01:07:41.399Z  INFO 1 --- [main] com.structurizr.server.Local             :  - structurizr.autosaveinterval: 5000
2026-08-29T01:07:41.400Z  INFO 1 --- [main] com.structurizr.server.Local             :  - structurizr.cache: none
2026-08-29T01:07:41.401Z  INFO 1 --- [main] com.structurizr.server.Local             :  - structurizr.data: file
2026-08-29T01:07:41.401Z  INFO 1 --- [main] com.structurizr.server.Local             :  - structurizr.datadirectory: /usr/local/structurizr/paynau
2026-08-29T01:07:41.402Z  INFO 1 --- [main] com.structurizr.server.Local             :  - structurizr.debug: false
2026-08-29T01:07:41.403Z  INFO 1 --- [main] com.structurizr.server.Local             :  - structurizr.editable: true
2026-08-29T01:07:41.404Z  INFO 1 --- [main] com.structurizr.server.Local             :  - structurizr.logging.filename: /usr/local/structurizr/paynau/.structurizr/logs/structurizr.log
2026-08-29T01:07:41.406Z  INFO 1 --- [main] com.structurizr.server.Local             :  - structurizr.network.timeout: 60000
2026-08-29T01:07:41.407Z  INFO 1 --- [main] com.structurizr.server.Local             :  - structurizr.network.urls.allowed: .*
2026-08-29T01:07:41.408Z  INFO 1 --- [main] com.structurizr.server.Local             :  - structurizr.search: lucene
2026-08-29T01:07:41.409Z  INFO 1 --- [main] com.structurizr.server.Local             :  - structurizr.themes: /usr/local/structurizr/paynau/themes/
2026-08-29T01:07:41.410Z  INFO 1 --- [main] com.structurizr.server.Local             :  - structurizr.workspace.maxsize: 1MB
2026-08-29T01:07:41.411Z  INFO 1 --- [main] com.structurizr.server.Local             :  - structurizr.workspace.threads: 10
2026-08-29T01:07:41.412Z  INFO 1 --- [main] com.structurizr.server.Local             :  - structurizr.workspaces: 1
2026-08-29T01:07:41.413Z  INFO 1 --- [main] com.structurizr.server.Local             : ***********************************************************************************
2026-08-29T01:07:41.414Z  INFO 1 --- [main] com.structurizr.server.Local             : Themes:
2026-08-29T01:07:41.415Z  INFO 1 --- [main] com.structurizr.server.Local             : ***********************************************************************************
2026-08-29T01:08:42.905Z  INFO 1 --- [SpringApplicationShutdownHook] com.structurizr.server.AbstractServer    : ********************************************************
2026-08-29T01:08:42.906Z  INFO 1 --- [SpringApplicationShutdownHook] com.structurizr.server.AbstractServer    :  Stopping Structurizr
2026-08-29T01:08:42.907Z  INFO 1 --- [SpringApplicationShutdownHook] com.structurizr.server.AbstractServer    : ********************************************************
2026-08-29T01:16:40.043Z  INFO 1 --- [main] com.structurizr.server.Local             : ***********************************************************************************
2026-08-29T01:16:40.051Z  INFO 1 --- [main] com.structurizr.server.Local             :   _____ _                   _              _          
2026-08-29T01:16:40.052Z  INFO 1 --- [main] com.structurizr.server.Local             :  / ____| |                 | |            (_)         
2026-08-29T01:16:40.053Z  INFO 1 --- [main] com.structurizr.server.Local             : | (___ | |_ _ __ _   _  ___| |_ _   _ _ __ _ _____ __ 
2026-08-29T01:16:40.054Z  INFO 1 --- [main] com.structurizr.server.Local             :  \___ \| __| '__| | | |/ __| __| | | | '__| |_  / '__|
2026-08-29T01:16:40.055Z  INFO 1 --- [main] com.structurizr.server.Local             :  ____) | |_| |  | |_| | (__| |_| |_| | |  | |/ /| |   
2026-08-29T01:16:40.055Z  INFO 1 --- [main] com.structurizr.server.Local             : |_____/ \__|_|   \__,_|\___|\__|\__,_|_|  |_/___|_|   
2026-08-29T01:16:40.056Z  INFO 1 --- [main] com.structurizr.server.Local             :                                                       
2026-08-29T01:16:40.057Z  INFO 1 --- [main] com.structurizr.server.Local             : Local v2026.06.28
2026-08-29T01:16:40.059Z  INFO 1 --- [main] com.structurizr.server.Local             : ***********************************************************************************
2026-08-29T01:16:40.060Z  INFO 1 --- [main] com.structurizr.server.Local             :  - structurizr.authentication: none
2026-08-29T01:16:40.061Z  INFO 1 --- [main] com.structurizr.server.Local             :  - structurizr.autorefreshinterval: 0
2026-08-29T01:16:40.062Z  INFO 1 --- [main] com.structurizr.server.Local             :  - structurizr.autosaveinterval: 5000
2026-08-29T01:16:40.063Z  INFO 1 --- [main] com.structurizr.server.Local             :  - structurizr.cache: none
2026-08-29T01:16:40.064Z  INFO 1 --- [main] com.structurizr.server.Local             :  - structurizr.data: file
2026-08-29T01:16:40.065Z  INFO 1 --- [main] com.structurizr.server.Local             :  - structurizr.datadirectory: /usr/local/structurizr/paynau
2026-08-29T01:16:40.066Z  INFO 1 --- [main] com.structurizr.server.Local             :  - structurizr.debug: false
2026-08-29T01:16:40.067Z  INFO 1 --- [main] com.structurizr.server.Local             :  - structurizr.editable: true
2026-08-29T01:16:40.068Z  INFO 1 --- [main] com.structurizr.server.Local             :  - structurizr.logging.filename: /usr/local/structurizr/paynau/.structurizr/logs/structurizr.log
2026-08-29T01:16:40.069Z  INFO 1 --- [main] com.structurizr.server.Local             :  - structurizr.network.timeout: 60000
2026-08-29T01:16:40.070Z  INFO 1 --- [main] com.structurizr.server.Local             :  - structurizr.network.urls.allowed: .*
2026-08-29T01:16:40.071Z  INFO 1 --- [main] com.structurizr.server.Local             :  - structurizr.search: lucene
2026-08-29T01:16:40.072Z  INFO 1 --- [main] com.structurizr.server.Local             :  - structurizr.themes: /usr/local/structurizr/paynau/themes/
2026-08-29T01:16:40.072Z  INFO 1 --- [main] com.structurizr.server.Local             :  - structurizr.workspace.maxsize: 1MB
2026-08-29T01:16:40.073Z  INFO 1 --- [main] com.structurizr.server.Local             :  - structurizr.workspace.threads: 10
2026-08-29T01:16:40.074Z  INFO 1 --- [main] com.structurizr.server.Local             :  - structurizr.workspaces: 1
2026-08-29T01:16:40.075Z  INFO 1 --- [main] com.structurizr.server.Local             : ***********************************************************************************
2026-08-29T01:16:40.076Z  INFO 1 --- [main] com.structurizr.server.Local             : Themes:
2026-08-29T01:16:40.077Z  INFO 1 --- [main] com.structurizr.server.Local             : ***********************************************************************************
